Archive member included to satisfy reference by file (symbol)

c:/st/stm32cubeide_1.7.0/stm32cubeide/plugins/com.st.stm32cube.ide.mcu.externaltools.gnu-tools-for-stm32.9-2020-q2-update.win32_2.0.0.202105311346/tools/bin/../lib/gcc/arm-none-eabi/9.3.1/../../../../arm-none-eabi/lib/thumb/v7e-m+fp/hard\libc_nano.a(lib_a-errno.o)
                              ./Core/Src/syscalls.o (__errno)
c:/st/stm32cubeide_1.7.0/stm32cubeide/plugins/com.st.stm32cube.ide.mcu.externaltools.gnu-tools-for-stm32.9-2020-q2-update.win32_2.0.0.202105311346/tools/bin/../lib/gcc/arm-none-eabi/9.3.1/../../../../arm-none-eabi/lib/thumb/v7e-m+fp/hard\libc_nano.a(lib_a-exit.o)
                              c:/st/stm32cubeide_1.7.0/stm32cubeide/plugins/com.st.stm32cube.ide.mcu.externaltools.gnu-tools-for-stm32.9-2020-q2-update.win32_2.0.0.202105311346/tools/bin/../lib/gcc/arm-none-eabi/9.3.1/../../../../arm-none-eabi/lib/thumb/v7e-m+fp/hard/crt0.o (exit)
c:/st/stm32cubeide_1.7.0/stm32cubeide/plugins/com.st.stm32cube.ide.mcu.externaltools.gnu-tools-for-stm32.9-2020-q2-update.win32_2.0.0.202105311346/tools/bin/../lib/gcc/arm-none-eabi/9.3.1/../../../../arm-none-eabi/lib/thumb/v7e-m+fp/hard\libc_nano.a(lib_a-impure.o)
                              c:/st/stm32cubeide_1.7.0/stm32cubeide/plugins/com.st.stm32cube.ide.mcu.externaltools.gnu-tools-for-stm32.9-2020-q2-update.win32_2.0.0.202105311346/tools/bin/../lib/gcc/arm-none-eabi/9.3.1/../../../../arm-none-eabi/lib/thumb/v7e-m+fp/hard\libc_nano.a(lib_a-exit.o) (_global_impure_ptr)
c:/st/stm32cubeide_1.7.0/stm32cubeide/plugins/com.st.stm32cube.ide.mcu.externaltools.gnu-tools-for-stm32.9-2020-q2-update.win32_2.0.0.202105311346/tools/bin/../lib/gcc/arm-none-eabi/9.3.1/../../../../arm-none-eabi/lib/thumb/v7e-m+fp/hard\libc_nano.a(lib_a-init.o)
                              c:/st/stm32cubeide_1.7.0/stm32cubeide/plugins/com.st.stm32cube.ide.mcu.externaltools.gnu-tools-for-stm32.9-2020-q2-update.win32_2.0.0.202105311346/tools/bin/../lib/gcc/arm-none-eabi/9.3.1/../../../../arm-none-eabi/lib/thumb/v7e-m+fp/hard/crt0.o (__libc_init_array)
c:/st/stm32cubeide_1.7.0/stm32cubeide/plugins/com.st.stm32cube.ide.mcu.externaltools.gnu-tools-for-stm32.9-2020-q2-update.win32_2.0.0.202105311346/tools/bin/../lib/gcc/arm-none-eabi/9.3.1/../../../../arm-none-eabi/lib/thumb/v7e-m+fp/hard\libc_nano.a(lib_a-memcpy-stub.o)
                              ./Middlewares/Third_Party/FreeRTOS/Source/CMSIS_RTOS_V2/cmsis_os2.o (memcpy)
c:/st/stm32cubeide_1.7.0/stm32cubeide/plugins/com.st.stm32cube.ide.mcu.externaltools.gnu-tools-for-stm32.9-2020-q2-update.win32_2.0.0.202105311346/tools/bin/../lib/gcc/arm-none-eabi/9.3.1/../../../../arm-none-eabi/lib/thumb/v7e-m+fp/hard\libc_nano.a(lib_a-memset.o)
                              c:/st/stm32cubeide_1.7.0/stm32cubeide/plugins/com.st.stm32cube.ide.mcu.externaltools.gnu-tools-for-stm32.9-2020-q2-update.win32_2.0.0.202105311346/tools/bin/../lib/gcc/arm-none-eabi/9.3.1/../../../../arm-none-eabi/lib/thumb/v7e-m+fp/hard/crt0.o (memset)
c:/st/stm32cubeide_1.7.0/stm32cubeide/plugins/com.st.stm32cube.ide.mcu.externaltools.gnu-tools-for-stm32.9-2020-q2-update.win32_2.0.0.202105311346/tools/bin/../lib/gcc/arm-none-eabi/9.3.1/../../../../arm-none-eabi/lib/thumb/v7e-m+fp/hard\libc_nano.a(lib_a-strcmp.o)
                              ./Core/Src/main.o (strcmp)
c:/st/stm32cubeide_1.7.0/stm32cubeide/plugins/com.st.stm32cube.ide.mcu.externaltools.gnu-tools-for-stm32.9-2020-q2-update.win32_2.0.0.202105311346/tools/bin/../lib/gcc/arm-none-eabi/9.3.1/../../../../arm-none-eabi/lib/thumb/v7e-m+fp/hard\libc_nano.a(lib_a-strlen.o)
                              ./Core/Src/main.o (strlen)

Allocating common symbols
Common symbol       size              file

defaultTaskHandle   0x4               ./Core/Src/main.o
scene3QueueHandle   0x4               ./Core/Src/main.o
uwTick              0x4               ./Drivers/STM32F3xx_HAL_Driver/Src/stm32f3xx_hal.o
xQueueRegistry      0x40              ./Middlewares/Third_Party/FreeRTOS/Source/queue.o
scene3MutexHandle   0x4               ./Core/Src/main.o
pFlash              0x20              ./Drivers/STM32F3xx_HAL_Driver/Src/stm32f3xx_hal_flash.o
sprinkler2MutexHandle
                    0x4               ./Core/Src/main.o
sprinkler3MutexHandle
                    0x4               ./Core/Src/main.o
scene1Handle        0x4               ./Core/Src/main.o
scene2QueueHandle   0x4               ./Core/Src/main.o
sprinkler1MutexHandle
                    0x4               ./Core/Src/main.o
scene2Handle        0x4               ./Core/Src/main.o
scene3Handle        0x4               ./Core/Src/main.o
scene1QueueHandle   0x4               ./Core/Src/main.o
scene2MutexHandle   0x4               ./Core/Src/main.o
huart2              0x84              ./Core/Src/main.o
scene1MutexHandle   0x4               ./Core/Src/main.o

Discarded input sections

[...]
Memory Configuration

Name             Origin             Length             Attributes
CCMRAM           0x0000000010000000 0x0000000000004000 xrw
RAM              0x0000000020000000 0x0000000000010000 xrw
FLASH            0x0000000008000000 0x0000000000080000 xr
*default*        0x0000000000000000 0xffffffffffffffff

Linker script and memory map

LOAD c:/st/stm32cubeide_1.7.0/stm32cubeide/plugins/com.st.stm32cube.ide.mcu.externaltools.gnu-tools-for-stm32.9-2020-q2-update.win32_2.0.0.202105311346/tools/bin/../lib/gcc/arm-none-eabi/9.3.1/thumb/v7e-m+fp/hard/crti.o
LOAD c:/st/stm32cubeide_1.7.0/stm32cubeide/plugins/com.st.stm32cube.ide.mcu.externaltools.gnu-tools-for-stm32.9-2020-q2-update.win32_2.0.0.202105311346/tools/bin/../lib/gcc/arm-none-eabi/9.3.1/thumb/v7e-m+fp/hard/crtbegin.o
LOAD c:/st/stm32cubeide_1.7.0/stm32cubeide/plugins/com.st.stm32cube.ide.mcu.externaltools.gnu-tools-for-stm32.9-2020-q2-update.win32_2.0.0.202105311346/tools/bin/../lib/gcc/arm-none-eabi/9.3.1/../../../../arm-none-eabi/lib/thumb/v7e-m+fp/hard/crt0.o
LOAD ./Core/Src/freertos.o
LOAD ./Core/Src/main.o
LOAD ./Core/Src/stm32f3xx_hal_msp.o
LOAD ./Core/Src/stm32f3xx_it.o
LOAD ./Core/Src/syscalls.o
LOAD ./Core/Src/sysmem.o
LOAD ./Core/Src/system_stm32f3xx.o
LOAD ./Core/Startup/startup_stm32f303retx.o
LOAD ./Drivers/STM32F3xx_HAL_Driver/Src/stm32f3xx_hal.o
LOAD ./Drivers/STM32F3xx_HAL_Driver/Src/stm32f3xx_hal_cortex.o
LOAD ./Drivers/STM32F3xx_HAL_Driver/Src/stm32f3xx_hal_dma.o
LOAD ./Drivers/STM32F3xx_HAL_Driver/Src/stm32f3xx_hal_exti.o
LOAD ./Drivers/STM32F3xx_HAL_Driver/Src/stm32f3xx_hal_flash.o
LOAD ./Drivers/STM32F3xx_HAL_Driver/Src/stm32f3xx_hal_flash_ex.o
LOAD ./Drivers/STM32F3xx_HAL_Driver/Src/stm32f3xx_hal_gpio.o
LOAD ./Drivers/STM32F3xx_HAL_Driver/Src/stm32f3xx_hal_i2c.o
LOAD ./Drivers/STM32F3xx_HAL_Driver/Src/stm32f3xx_hal_i2c_ex.o
LOAD ./Drivers/STM32F3xx_HAL_Driver/Src/stm32f3xx_hal_pwr.o
LOAD ./Drivers/STM32F3xx_HAL_Driver/Src/stm32f3xx_hal_pwr_ex.o
LOAD ./Drivers/STM32F3xx_HAL_Driver/Src/stm32f3xx_hal_rcc.o
LOAD ./Drivers/STM32F3xx_HAL_Driver/Src/stm32f3xx_hal_rcc_ex.o
LOAD ./Drivers/STM32F3xx_HAL_Driver/Src/stm32f3xx_hal_tim.o
LOAD ./Drivers/STM32F3xx_HAL_Driver/Src/stm32f3xx_hal_tim_ex.o
LOAD ./Drivers/STM32F3xx_HAL_Driver/Src/stm32f3xx_hal_uart.o
LOAD ./Drivers/STM32F3xx_HAL_Driver/Src/stm32f3xx_hal_uart_ex.o
LOAD ./Middlewares/Third_Party/FreeRTOS/Source/CMSIS_RTOS_V2/cmsis_os2.o
LOAD ./Middlewares/Third_Party/FreeRTOS/Source/croutine.o
LOAD ./Middlewares/Third_Party/FreeRTOS/Source/event_groups.o
LOAD ./Middlewares/Third_Party/FreeRTOS/Source/list.o
LOAD ./Middlewares/Third_Party/FreeRTOS/Source/queue.o
LOAD ./Middlewares/Third_Party/FreeRTOS/Source/stream_buffer.o
LOAD ./Middlewares/Third_Party/FreeRTOS/Source/tasks.o
LOAD ./Middlewares/Third_Party/FreeRTOS/Source/timers.o
LOAD ./Middlewares/Third_Party/FreeRTOS/Source/portable/GCC/ARM_CM4F/port.o
LOAD ./Middlewares/Third_Party/FreeRTOS/Source/portable/MemMang/heap_4.o
START GROUP
LOAD c:/st/stm32cubeide_1.7.0/stm32cubeide/plugins/com.st.stm32cube.ide.mcu.externaltools.gnu-tools-for-stm32.9-2020-q2-update.win32_2.0.0.202105311346/tools/bin/../lib/gcc/arm-none-eabi/9.3.1/../../../../arm-none-eabi/lib/thumb/v7e-m+fp/hard\libc_nano.a
LOAD c:/st/stm32cubeide_1.7.0/stm32cubeide/plugins/com.st.stm32cube.ide.mcu.externaltools.gnu-tools-for-stm32.9-2020-q2-update.win32_2.0.0.202105311346/tools/bin/../lib/gcc/arm-none-eabi/9.3.1/../../../../arm-none-eabi/lib/thumb/v7e-m+fp/hard\libm.a
END GROUP
START GROUP
LOAD c:/st/stm32cubeide_1.7.0/stm32cubeide/plugins/com.st.stm32cube.ide.mcu.externaltools.gnu-tools-for-stm32.9-2020-q2-update.win32_2.0.0.202105311346/tools/bin/../lib/gcc/arm-none-eabi/9.3.1/thumb/v7e-m+fp/hard\libgcc.a
LOAD c:/st/stm32cubeide_1.7.0/stm32cubeide/plugins/com.st.stm32cube.ide.mcu.externaltools.gnu-tools-for-stm32.9-2020-q2-update.win32_2.0.0.202105311346/tools/bin/../lib/gcc/arm-none-eabi/9.3.1/../../../../arm-none-eabi/lib/thumb/v7e-m+fp/hard\libc_nano.a
END GROUP
START GROUP
LOAD c:/st/stm32cubeide_1.7.0/stm32cubeide/plugins/com.st.stm32cube.ide.mcu.externaltools.gnu-tools-for-stm32.9-2020-q2-update.win32_2.0.0.202105311346/tools/bin/../lib/gcc/arm-none-eabi/9.3.1/thumb/v7e-m+fp/hard\libgcc.a
LOAD c:/st/stm32cubeide_1.7.0/stm32cubeide/plugins/com.st.stm32cube.ide.mcu.externaltools.gnu-tools-for-stm32.9-2020-q2-update.win32_2.0.0.202105311346/tools/bin/../lib/gcc/arm-none-eabi/9.3.1/../../../../arm-none-eabi/lib/thumb/v7e-m+fp/hard\libc_nano.a
LOAD c:/st/stm32cubeide_1.7.0/stm32cubeide/plugins/com.st.stm32cube.ide.mcu.externaltools.gnu-tools-for-stm32.9-2020-q2-update.win32_2.0.0.202105311346/tools/bin/../lib/gcc/arm-none-eabi/9.3.1/../../../../arm-none-eabi/lib/thumb/v7e-m+fp/hard\libnosys.a
END GROUP
START GROUP
LOAD c:/st/stm32cubeide_1.7.0/stm32cubeide/plugins/com.st.stm32cube.ide.mcu.externaltools.gnu-tools-for-stm32.9-2020-q2-update.win32_2.0.0.202105311346/tools/bin/../lib/gcc/arm-none-eabi/9.3.1/thumb/v7e-m+fp/hard\libgcc.a
LOAD c:/st/stm32cubeide_1.7.0/stm32cubeide/plugins/com.st.stm32cube.ide.mcu.externaltools.gnu-tools-for-stm32.9-2020-q2-update.win32_2.0.0.202105311346/tools/bin/../lib/gcc/arm-none-eabi/9.3.1/../../../../arm-none-eabi/lib/thumb/v7e-m+fp/hard\libc_nano.a
LOAD c:/st/stm32cubeide_1.7.0/stm32cubeide/plugins/com.st.stm32cube.ide.mcu.externaltools.gnu-tools-for-stm32.9-2020-q2-update.win32_2.0.0.202105311346/tools/bin/../lib/gcc/arm-none-eabi/9.3.1/../../../../arm-none-eabi/lib/thumb/v7e-m+fp/hard\libnosys.a
END GROUP
LOAD c:/st/stm32cubeide_1.7.0/stm32cubeide/plugins/com.st.stm32cube.ide.mcu.externaltools.gnu-tools-for-stm32.9-2020-q2-update.win32_2.0.0.202105311346/tools/bin/../lib/gcc/arm-none-eabi/9.3.1/thumb/v7e-m+fp/hard/crtend.o
LOAD c:/st/stm32cubeide_1.7.0/stm32cubeide/plugins/com.st.stm32cube.ide.mcu.externaltools.gnu-tools-for-stm32.9-2020-q2-update.win32_2.0.0.202105311346/tools/bin/../lib/gcc/arm-none-eabi/9.3.1/thumb/v7e-m+fp/hard/crtn.o
                0x0000000020010000                _estack = (ORIGIN (RAM) + LENGTH (RAM))
                0x0000000000000200                _Min_Heap_Size = 0x200
                0x0000000000000400                _Min_Stack_Size = 0x400

.isr_vector     0x0000000008000000      0x194
                0x0000000008000000                . = ALIGN (0x4)
 *(.isr_vector)
 .isr_vector    0x0000000008000000      0x194 ./Core/Startup/startup_stm32f303retx.o
                0x0000000008000000                g_pfnVectors
                0x0000000008000194                . = ALIGN (0x4)

.text           0x00000000080001a0     0x6a88
                0x00000000080001a0                . = ALIGN (0x4)
 *(.text)
 .text          0x00000000080001a0       0x40 c:/st/stm32cubeide_1.7.0/stm32cubeide/plugins/com.st.stm32cube.ide.mcu.externaltools.gnu-tools-for-stm32.9-2020-q2-update.win32_2.0.0.202105311346/tools/bin/../lib/gcc/arm-none-eabi/9.3.1/thumb/v7e-m+fp/hard/crtbegin.o
 .text          0x00000000080001e0       0x14 c:/st/stm32cubeide_1.7.0/stm32cubeide/plugins/com.st.stm32cube.ide.mcu.externaltools.gnu-tools-for-stm32.9-2020-q2-update.win32_2.0.0.202105311346/tools/bin/../lib/gcc/arm-none-eabi/9.3.1/../../../../arm-none-eabi/lib/thumb/v7e-m+fp/hard\libc_nano.a(lib_a-strcmp.o)
                0x00000000080001e0                strcmp
 .text          0x00000000080001f4       0x10 c:/st/stm32cubeide_1.7.0/stm32cubeide/plugins/com.st.stm32cube.ide.mcu.externaltools.gnu-tools-for-stm32.9-2020-q2-update.win32_2.0.0.202105311346/tools/bin/../lib/gcc/arm-none-eabi/9.3.1/../../../../arm-none-eabi/lib/thumb/v7e-m+fp/hard\libc_nano.a(lib_a-strlen.o)
                0x00000000080001f4                strlen
 *(.text*)
 .text.InitLED  0x0000000008000204       0x80 ./Core/Src/main.o
                0x0000000008000204                InitLED
 .text.sprinkler1On
                0x0000000008000284       0x1e ./Core/Src/main.o
                0x0000000008000284                sprinkler1On
 .text.sprinkler2On
                0x00000000080002a2       0x1e ./Core/Src/main.o
                0x00000000080002a2                sprinkler2On
 .text.sprinkler3On
                0x00000000080002c0       0x1e ./Core/Src/main.o
                0x00000000080002c0                sprinkler3On
 .text.sprinkler1Off
                0x00000000080002de       0x1e ./Core/Src/main.o
                0x00000000080002de                sprinkler1Off
 .text.sprinkler2Off
                0x00000000080002fc       0x1e ./Core/Src/main.o
                0x00000000080002fc                sprinkler2Off
 .text.sprinkler3Off
                0x000000000800031a       0x1e ./Core/Src/main.o
                0x000000000800031a                sprinkler3Off
 .text.executeScene
                0x0000000008000338      0x208 ./Core/Src/main.o
                0x0000000008000338                executeScene
 .text.main     0x0000000008000540      0x100 ./Core/Src/main.o
                0x0000000008000540                main
 .text.SystemClock_Config
                0x0000000008000640       0xa4 ./Core/Src/main.o
                0x0000000008000640                SystemClock_Config
 .text.MX_USART2_UART_Init
                0x00000000080006e4       0x60 ./Core/Src/main.o
 .text.MX_GPIO_Init
                0x0000000008000744       0x30 ./Core/Src/main.o
 .text.StartDefaultTask
                0x0000000008000774      0x170 ./Core/Src/main.o
                0x0000000008000774                StartDefaultTask
 .text.StartTask02
                0x00000000080008e4       0x22 ./Core/Src/main.o
                0x00000000080008e4                StartTask02
 .text.StartTask03
                0x0000000008000906       0x22 ./Core/Src/main.o
                0x0000000008000906                StartTask03
 .text.StartTask04
                0x0000000008000928       0x22 ./Core/Src/main.o
                0x0000000008000928                StartTask04
 .text.Error_Handler
                0x000000000800094a        0xa ./Core/Src/main.o
                0x000000000800094a                Error_Handler
 .text.HAL_MspInit
                0x0000000008000954       0x50 ./Core/Src/stm32f3xx_hal_msp.o
                0x0000000008000954                HAL_MspInit
 .text.HAL_UART_MspInit
                0x00000000080009a4       0x84 ./Core/Src/stm32f3xx_hal_msp.o
                0x00000000080009a4                HAL_UART_MspInit
 .text.NMI_Handler
                0x0000000008000a28        0x6 ./Core/Src/stm32f3xx_it.o
                0x0000000008000a28                NMI_Handler
 .text.HardFault_Handler
                0x0000000008000a2e        0x6 ./Core/Src/stm32f3xx_it.o
                0x0000000008000a2e                HardFault_Handler
 .text.MemManage_Handler
                0x0000000008000a34        0x6 ./Core/Src/stm32f3xx_it.o
                0x0000000008000a34                MemManage_Handler
 .text.BusFault_Handler
                0x0000000008000a3a        0x6 ./Core/Src/stm32f3xx_it.o
                0x0000000008000a3a                BusFault_Handler
 .text.UsageFault_Handler
                0x0000000008000a40        0x6 ./Core/Src/stm32f3xx_it.o
                0x0000000008000a40                UsageFault_Handler
 .text.DebugMon_Handler
                0x0000000008000a46        0xe ./Core/Src/stm32f3xx_it.o
                0x0000000008000a46                DebugMon_Handler
 .text.SysTick_Handler
                0x0000000008000a54       0x1a ./Core/Src/stm32f3xx_it.o
                0x0000000008000a54                SysTick_Handler
 *fill*         0x0000000008000a6e        0x2 
 .text.SystemInit
                0x0000000008000a70       0x24 ./Core/Src/system_stm32f3xx.o
                0x0000000008000a70                SystemInit
 .text.Reset_Handler
                0x0000000008000a94       0x50 ./Core/Startup/startup_stm32f303retx.o
                0x0000000008000a94                Reset_Handler
 .text.Default_Handler
                0x0000000008000ae4        0x2 ./Core/Startup/startup_stm32f303retx.o
                0x0000000008000ae4                RTC_Alarm_IRQHandler
                0x0000000008000ae4                TIM8_TRG_COM_IRQHandler
                0x0000000008000ae4                TIM8_CC_IRQHandler
                0x0000000008000ae4                SPI4_IRQHandler
                0x0000000008000ae4                TIM1_CC_IRQHandler
                0x0000000008000ae4                USB_HP_IRQHandler
                0x0000000008000ae4                PVD_IRQHandler
                0x0000000008000ae4                TAMP_STAMP_IRQHandler
                0x0000000008000ae4                EXTI3_IRQHandler
                0x0000000008000ae4                I2C3_ER_IRQHandler
                0x0000000008000ae4                USB_HP_CAN_TX_IRQHandler
                0x0000000008000ae4                EXTI0_IRQHandler
                0x0000000008000ae4                I2C2_EV_IRQHandler
                0x0000000008000ae4                FPU_IRQHandler
                0x0000000008000ae4                TIM1_UP_TIM16_IRQHandler
                0x0000000008000ae4                ADC1_2_IRQHandler
                0x0000000008000ae4                SPI1_IRQHandler
                0x0000000008000ae4                CAN_SCE_IRQHandler
                0x0000000008000ae4                TIM6_DAC_IRQHandler
                0x0000000008000ae4                TIM8_UP_IRQHandler
                0x0000000008000ae4                DMA2_Channel2_IRQHandler
                0x0000000008000ae4                DMA1_Channel4_IRQHandler
                0x0000000008000ae4                TIM20_TRG_COM_IRQHandler
                0x0000000008000ae4                USART3_IRQHandler
                0x0000000008000ae4                DMA1_Channel7_IRQHandler
                0x0000000008000ae4                UART5_IRQHandler
                0x0000000008000ae4                ADC3_IRQHandler
                0x0000000008000ae4                TIM4_IRQHandler
                0x0000000008000ae4                CAN_RX1_IRQHandler
                0x0000000008000ae4                DMA2_Channel1_IRQHandler
                0x0000000008000ae4                I2C1_EV_IRQHandler
                0x0000000008000ae4                DMA1_Channel6_IRQHandler
                0x0000000008000ae4                UART4_IRQHandler
                0x0000000008000ae4                DMA2_Channel4_IRQHandler
                0x0000000008000ae4                TIM3_IRQHandler
                0x0000000008000ae4                RCC_IRQHandler
                0x0000000008000ae4                TIM20_UP_IRQHandler
                0x0000000008000ae4                DMA1_Channel1_IRQHandler
                0x0000000008000ae4                Default_Handler
                0x0000000008000ae4                USBWakeUp_RMP_IRQHandler
                0x0000000008000ae4                EXTI15_10_IRQHandler
                0x0000000008000ae4                TIM7_IRQHandler
                0x0000000008000ae4                I2C3_EV_IRQHandler
                0x0000000008000ae4                EXTI9_5_IRQHandler
                0x0000000008000ae4                RTC_WKUP_IRQHandler
                0x0000000008000ae4                SPI2_IRQHandler
                0x0000000008000ae4                USB_LP_CAN_RX0_IRQHandler
                0x0000000008000ae4                DMA2_Channel5_IRQHandler
                0x0000000008000ae4                DMA1_Channel5_IRQHandler
                0x0000000008000ae4                USB_LP_IRQHandler
                0x0000000008000ae4                EXTI4_IRQHandler
                0x0000000008000ae4                TIM1_TRG_COM_TIM17_IRQHandler
                0x0000000008000ae4                DMA1_Channel3_IRQHandler
                0x0000000008000ae4                ADC4_IRQHandler
                0x0000000008000ae4                WWDG_IRQHandler
                0x0000000008000ae4                TIM2_IRQHandler
                0x0000000008000ae4                COMP7_IRQHandler
                0x0000000008000ae4                COMP1_2_3_IRQHandler
                0x0000000008000ae4                EXTI1_IRQHandler
                0x0000000008000ae4                USART2_IRQHandler
                0x0000000008000ae4                COMP4_5_6_IRQHandler
                0x0000000008000ae4                TIM20_BRK_IRQHandler
                0x0000000008000ae4                I2C2_ER_IRQHandler
                0x0000000008000ae4                DMA1_Channel2_IRQHandler
                0x0000000008000ae4                TIM8_BRK_IRQHandler
                0x0000000008000ae4                FLASH_IRQHandler
                0x0000000008000ae4                TIM20_CC_IRQHandler
                0x0000000008000ae4                USART1_IRQHandler
                0x0000000008000ae4                SPI3_IRQHandler
                0x0000000008000ae4                I2C1_ER_IRQHandler
                0x0000000008000ae4                FMC_IRQHandler
                0x0000000008000ae4                USBWakeUp_IRQHandler
                0x0000000008000ae4                DMA2_Channel3_IRQHandler
                0x0000000008000ae4                EXTI2_TSC_IRQHandler
                0x0000000008000ae4                TIM1_BRK_TIM15_IRQHandler
 *fill*         0x0000000008000ae6        0x2 
 .text.HAL_Init
                0x0000000008000ae8       0x2c ./Drivers/STM32F3xx_HAL_Driver/Src/stm32f3xx_hal.o
                0x0000000008000ae8                HAL_Init
 .text.HAL_InitTick
                0x0000000008000b14       0x60 ./Drivers/STM32F3xx_HAL_Driver/Src/stm32f3xx_hal.o
                0x0000000008000b14                HAL_InitTick
 .text.HAL_IncTick
                0x0000000008000b74       0x28 ./Drivers/STM32F3xx_HAL_Driver/Src/stm32f3xx_hal.o
                0x0000000008000b74                HAL_IncTick
 .text.HAL_GetTick
                0x0000000008000b9c       0x18 ./Drivers/STM32F3xx_HAL_Driver/Src/stm32f3xx_hal.o
                0x0000000008000b9c                HAL_GetTick
 .text.__NVIC_SetPriorityGrouping
                0x0000000008000bb4       0x48 ./Drivers/STM32F3xx_HAL_Driver/Src/stm32f3xx_hal_cortex.o
 .text.__NVIC_GetPriorityGrouping
                0x0000000008000bfc       0x1c ./Drivers/STM32F3xx_HAL_Driver/Src/stm32f3xx_hal_cortex.o
 .text.__NVIC_SetPriority
                0x0000000008000c18       0x54 ./Drivers/STM32F3xx_HAL_Driver/Src/stm32f3xx_hal_cortex.o
 .text.NVIC_EncodePriority
                0x0000000008000c6c       0x66 ./Drivers/STM32F3xx_HAL_Driver/Src/stm32f3xx_hal_cortex.o
 *fill*         0x0000000008000cd2        0x2 
 .text.SysTick_Config
                0x0000000008000cd4       0x44 ./Drivers/STM32F3xx_HAL_Driver/Src/stm32f3xx_hal_cortex.o
 .text.HAL_NVIC_SetPriorityGrouping
                0x0000000008000d18       0x16 ./Drivers/STM32F3xx_HAL_Driver/Src/stm32f3xx_hal_cortex.o
                0x0000000008000d18                HAL_NVIC_SetPriorityGrouping
 .text.HAL_NVIC_SetPriority
                0x0000000008000d2e       0x38 ./Drivers/STM32F3xx_HAL_Driver/Src/stm32f3xx_hal_cortex.o
                0x0000000008000d2e                HAL_NVIC_SetPriority
 .text.HAL_SYSTICK_Config
                0x0000000008000d66       0x18 ./Drivers/STM32F3xx_HAL_Driver/Src/stm32f3xx_hal_cortex.o
                0x0000000008000d66                HAL_SYSTICK_Config
 *fill*         0x0000000008000d7e        0x2 
 .text.HAL_GPIO_Init
                0x0000000008000d80      0x314 ./Drivers/STM32F3xx_HAL_Driver/Src/stm32f3xx_hal_gpio.o
                0x0000000008000d80                HAL_GPIO_Init
 .text.HAL_RCC_OscConfig
                0x0000000008001094      0xe2c ./Drivers/STM32F3xx_HAL_Driver/Src/stm32f3xx_hal_rcc.o
                0x0000000008001094                HAL_RCC_OscConfig
 .text.HAL_RCC_ClockConfig
                0x0000000008001ec0      0x2f8 ./Drivers/STM32F3xx_HAL_Driver/Src/stm32f3xx_hal_rcc.o
                0x0000000008001ec0                HAL_RCC_ClockConfig
 .text.HAL_RCC_GetSysClockFreq
                0x00000000080021b8       0xd4 ./Drivers/STM32F3xx_HAL_Driver/Src/stm32f3xx_hal_rcc.o
                0x00000000080021b8                HAL_RCC_GetSysClockFreq
 .text.HAL_RCC_GetHCLKFreq
                0x000000000800228c       0x18 ./Drivers/STM32F3xx_HAL_Driver/Src/stm32f3xx_hal_rcc.o
                0x000000000800228c                HAL_RCC_GetHCLKFreq
 .text.HAL_RCC_GetPCLK1Freq
                0x00000000080022a4       0x44 ./Drivers/STM32F3xx_HAL_Driver/Src/stm32f3xx_hal_rcc.o
                0x00000000080022a4                HAL_RCC_GetPCLK1Freq
 .text.HAL_RCC_GetPCLK2Freq
                0x00000000080022e8       0x44 ./Drivers/STM32F3xx_HAL_Driver/Src/stm32f3xx_hal_rcc.o
                0x00000000080022e8                HAL_RCC_GetPCLK2Freq
 .text.HAL_RCCEx_PeriphCLKConfig
                0x000000000800232c      0x43c ./Drivers/STM32F3xx_HAL_Driver/Src/stm32f3xx_hal_rcc_ex.o
                0x000000000800232c                HAL_RCCEx_PeriphCLKConfig
 .text.HAL_UART_Init
                0x0000000008002768       0x9c ./Drivers/STM32F3xx_HAL_Driver/Src/stm32f3xx_hal_uart.o
                0x0000000008002768                HAL_UART_Init
 .text.HAL_UART_Transmit
                0x0000000008002804      0x128 ./Drivers/STM32F3xx_HAL_Driver/Src/stm32f3xx_hal_uart.o
                0x0000000008002804                HAL_UART_Transmit
 .text.HAL_UART_Receive
                0x000000000800292c      0x1a2 ./Drivers/STM32F3xx_HAL_Driver/Src/stm32f3xx_hal_uart.o
                0x000000000800292c                HAL_UART_Receive
 *fill*         0x0000000008002ace        0x2 
 .text.UART_SetConfig
                0x0000000008002ad0      0x3ac ./Drivers/STM32F3xx_HAL_Driver/Src/stm32f3xx_hal_uart.o
                0x0000000008002ad0                UART_SetConfig
 .text.UART_AdvFeatureConfig
                0x0000000008002e7c      0x144 ./Drivers/STM32F3xx_HAL_Driver/Src/stm32f3xx_hal_uart.o
                0x0000000008002e7c                UART_AdvFeatureConfig
 .text.UART_CheckIdleState
                0x0000000008002fc0       0x92 ./Drivers/STM32F3xx_HAL_Driver/Src/stm32f3xx_hal_uart.o
                0x0000000008002fc0                UART_CheckIdleState
 .text.UART_WaitOnFlagUntilTimeout
                0x0000000008003052      0x188 ./Drivers/STM32F3xx_HAL_Driver/Src/stm32f3xx_hal_uart.o
                0x0000000008003052                UART_WaitOnFlagUntilTimeout
 *fill*         0x00000000080031da        0x2 
 .text.osKernelInitialize
                0x00000000080031dc       0x68 ./Middlewares/Third_Party/FreeRTOS/Source/CMSIS_RTOS_V2/cmsis_os2.o
                0x00000000080031dc                osKernelInitialize
 .text.osKernelStart
                0x0000000008003244       0x68 ./Middlewares/Third_Party/FreeRTOS/Source/CMSIS_RTOS_V2/cmsis_os2.o
                0x0000000008003244                osKernelStart
 .text.osThreadNew
                0x00000000080032ac      0x154 ./Middlewares/Third_Party/FreeRTOS/Source/CMSIS_RTOS_V2/cmsis_os2.o
                0x00000000080032ac                osThreadNew
 .text.osThreadGetId
                0x0000000008003400       0x4c ./Middlewares/Third_Party/FreeRTOS/Source/CMSIS_RTOS_V2/cmsis_os2.o
                0x0000000008003400                osThreadGetId
 .text.osThreadTerminate
                0x000000000800344c       0x80 ./Middlewares/Third_Party/FreeRTOS/Source/CMSIS_RTOS_V2/cmsis_os2.o
                0x000000000800344c                osThreadTerminate
 .text.osDelay  0x00000000080034cc       0x5c ./Middlewares/Third_Party/FreeRTOS/Source/CMSIS_RTOS_V2/cmsis_os2.o
                0x00000000080034cc                osDelay
 .text.osMutexNew
                0x0000000008003528      0x134 ./Middlewares/Third_Party/FreeRTOS/Source/CMSIS_RTOS_V2/cmsis_os2.o
                0x0000000008003528                osMutexNew
 .text.osMutexAcquire
                0x000000000800365c       0xbc ./Middlewares/Third_Party/FreeRTOS/Source/CMSIS_RTOS_V2/cmsis_os2.o
                0x000000000800365c                osMutexAcquire
 .text.osMutexRelease
                0x0000000008003718       0xa0 ./Middlewares/Third_Party/FreeRTOS/Source/CMSIS_RTOS_V2/cmsis_os2.o
                0x0000000008003718                osMutexRelease
 .text.osMessageQueueNew
                0x00000000080037b8      0x10c ./Middlewares/Third_Party/FreeRTOS/Source/CMSIS_RTOS_V2/cmsis_os2.o
                0x00000000080037b8                osMessageQueueNew
 .text.osMessageQueuePut
                0x00000000080038c4       0xe8 ./Middlewares/Third_Party/FreeRTOS/Source/CMSIS_RTOS_V2/cmsis_os2.o
                0x00000000080038c4                osMessageQueuePut
 .text.osMessageQueueGet
                0x00000000080039ac       0xe4 ./Middlewares/Third_Party/FreeRTOS/Source/CMSIS_RTOS_V2/cmsis_os2.o
                0x00000000080039ac                osMessageQueueGet
 .text.vApplicationGetIdleTaskMemory
                0x0000000008003a90       0x34 ./Middlewares/Third_Party/FreeRTOS/Source/CMSIS_RTOS_V2/cmsis_os2.o
                0x0000000008003a90                vApplicationGetIdleTaskMemory
 .text.vApplicationGetTimerTaskMemory
                0x0000000008003ac4       0x34 ./Middlewares/Third_Party/FreeRTOS/Source/CMSIS_RTOS_V2/cmsis_os2.o
                0x0000000008003ac4                vApplicationGetTimerTaskMemory
 .text.vListInitialise
                0x0000000008003af8       0x40 ./Middlewares/Third_Party/FreeRTOS/Source/list.o
                0x0000000008003af8                vListInitialise
 .text.vListInitialiseItem
                0x0000000008003b38       0x1a ./Middlewares/Third_Party/FreeRTOS/Source/list.o
                0x0000000008003b38                vListInitialiseItem
 .text.vListInsertEnd
                0x0000000008003b52       0x48 ./Middlewares/Third_Party/FreeRTOS/Source/list.o
                0x0000000008003b52                vListInsertEnd
 .text.vListInsert
                0x0000000008003b9a       0x72 ./Middlewares/Third_Party/FreeRTOS/Source/list.o
                0x0000000008003b9a                vListInsert
 .text.uxListRemove
                0x0000000008003c0c       0x54 ./Middlewares/Third_Party/FreeRTOS/Source/list.o
                0x0000000008003c0c                uxListRemove
 .text.xQueueGenericReset
                0x0000000008003c60       0xd0 ./Middlewares/Third_Party/FreeRTOS/Source/queue.o
                0x0000000008003c60                xQueueGenericReset
 .text.xQueueGenericCreateStatic
                0x0000000008003d30       0xee ./Middlewares/Third_Party/FreeRTOS/Source/queue.o
                0x0000000008003d30                xQueueGenericCreateStatic
 .text.xQueueGenericCreate
                0x0000000008003e1e       0x7c ./Middlewares/Third_Party/FreeRTOS/Source/queue.o
                0x0000000008003e1e                xQueueGenericCreate
 .text.prvInitialiseNewQueue
                0x0000000008003e9a       0x46 ./Middlewares/Third_Party/FreeRTOS/Source/queue.o
 .text.prvInitialiseMutex
                0x0000000008003ee0       0x34 ./Middlewares/Third_Party/FreeRTOS/Source/queue.o
 .text.xQueueCreateMutex
                0x0000000008003f14       0x30 ./Middlewares/Third_Party/FreeRTOS/Source/queue.o
                0x0000000008003f14                xQueueCreateMutex
 .text.xQueueCreateMutexStatic
                0x0000000008003f44       0x36 ./Middlewares/Third_Party/FreeRTOS/Source/queue.o
                0x0000000008003f44                xQueueCreateMutexStatic
 .text.xQueueGiveMutexRecursive
                0x0000000008003f7a       0x68 ./Middlewares/Third_Party/FreeRTOS/Source/queue.o
                0x0000000008003f7a                xQueueGiveMutexRecursive
 .text.xQueueTakeMutexRecursive
                0x0000000008003fe2       0x6c ./Middlewares/Third_Party/FreeRTOS/Source/queue.o
                0x0000000008003fe2                xQueueTakeMutexRecursive
 *fill*         0x000000000800404e        0x2 
 .text.xQueueGenericSend
                0x0000000008004050      0x1fc ./Middlewares/Third_Party/FreeRTOS/Source/queue.o
                0x0000000008004050                xQueueGenericSend
 .text.xQueueGenericSendFromISR
                0x000000000800424c      0x130 ./Middlewares/Third_Party/FreeRTOS/Source/queue.o
                0x000000000800424c                xQueueGenericSendFromISR
 .text.xQueueReceive
                0x000000000800437c      0x1c0 ./Middlewares/Third_Party/FreeRTOS/Source/queue.o
                0x000000000800437c                xQueueReceive
 .text.xQueueSemaphoreTake
                0x000000000800453c      0x218 ./Middlewares/Third_Party/FreeRTOS/Source/queue.o
                0x000000000800453c                xQueueSemaphoreTake
 .text.xQueueReceiveFromISR
                0x0000000008004754      0x100 ./Middlewares/Third_Party/FreeRTOS/Source/queue.o
                0x0000000008004754                xQueueReceiveFromISR
 .text.prvGetDisinheritPriorityAfterTimeout
                0x0000000008004854       0x30 ./Middlewares/Third_Party/FreeRTOS/Source/queue.o
 .text.prvCopyDataToQueue
                0x0000000008004884       0xd4 ./Middlewares/Third_Party/FreeRTOS/Source/queue.o
 .text.prvCopyDataFromQueue
                0x0000000008004958       0x4c ./Middlewares/Third_Party/FreeRTOS/Source/queue.o
 .text.prvUnlockQueue
                0x00000000080049a4       0xa4 ./Middlewares/Third_Party/FreeRTOS/Source/queue.o
 .text.prvIsQueueEmpty
                0x0000000008004a48       0x2c ./Middlewares/Third_Party/FreeRTOS/Source/queue.o
 .text.prvIsQueueFull
                0x0000000008004a74       0x30 ./Middlewares/Third_Party/FreeRTOS/Source/queue.o
 .text.vQueueAddToRegistry
                0x0000000008004aa4       0x54 ./Middlewares/Third_Party/FreeRTOS/Source/queue.o
                0x0000000008004aa4                vQueueAddToRegistry
 .text.vQueueWaitForMessageRestricted
                0x0000000008004af8       0x68 ./Middlewares/Third_Party/FreeRTOS/Source/queue.o
                0x0000000008004af8                vQueueWaitForMessageRestricted
 .text.xTaskCreateStatic
                0x0000000008004b60       0xb8 ./Middlewares/Third_Party/FreeRTOS/Source/tasks.o
                0x0000000008004b60                xTaskCreateStatic
 .text.xTaskCreate
                0x0000000008004c18       0x8a ./Middlewares/Third_Party/FreeRTOS/Source/tasks.o
                0x0000000008004c18                xTaskCreate
 .text.prvInitialiseNewTask
                0x0000000008004ca2      0x10e ./Middlewares/Third_Party/FreeRTOS/Source/tasks.o
 .text.prvAddNewTaskToReadyList
                0x0000000008004db0       0xe0 ./Middlewares/Third_Party/FreeRTOS/Source/tasks.o
 .text.vTaskDelete
                0x0000000008004e90       0xe4 ./Middlewares/Third_Party/FreeRTOS/Source/tasks.o
                0x0000000008004e90                vTaskDelete
 .text.vTaskDelay
                0x0000000008004f74       0x68 ./Middlewares/Third_Party/FreeRTOS/Source/tasks.o
                0x0000000008004f74                vTaskDelay
 .text.eTaskGetState
                0x0000000008004fdc       0xb4 ./Middlewares/Third_Party/FreeRTOS/Source/tasks.o
                0x0000000008004fdc                eTaskGetState
 .text.vTaskStartScheduler
                0x0000000008005090       0xcc ./Middlewares/Third_Party/FreeRTOS/Source/tasks.o
                0x0000000008005090                vTaskStartScheduler
 .text.vTaskSuspendAll
                0x000000000800515c       0x1c ./Middlewares/Third_Party/FreeRTOS/Source/tasks.o
                0x000000000800515c                vTaskSuspendAll
 .text.xTaskResumeAll
                0x0000000008005178      0x13c ./Middlewares/Third_Party/FreeRTOS/Source/tasks.o
                0x0000000008005178                xTaskResumeAll
 .text.xTaskGetTickCount
                0x00000000080052b4       0x20 ./Middlewares/Third_Party/FreeRTOS/Source/tasks.o
                0x00000000080052b4                xTaskGetTickCount
 .text.xTaskIncrementTick
                0x00000000080052d4      0x17c ./Middlewares/Third_Party/FreeRTOS/Source/tasks.o
                0x00000000080052d4                xTaskIncrementTick
 .text.vTaskSwitchContext
                0x0000000008005450       0xbc ./Middlewares/Third_Party/FreeRTOS/Source/tasks.o
                0x0000000008005450                vTaskSwitchContext
 .text.vTaskPlaceOnEventList
                0x000000000800550c       0x48 ./Middlewares/Third_Party/FreeRTOS/Source/tasks.o
                0x000000000800550c                vTaskPlaceOnEventList
 .text.vTaskPlaceOnEventListRestricted
                0x0000000008005554       0x58 ./Middlewares/Third_Party/FreeRTOS/Source/tasks.o
                0x0000000008005554                vTaskPlaceOnEventListRestricted
 .text.xTaskRemoveFromEventList
                0x00000000080055ac       0xc8 ./Middlewares/Third_Party/FreeRTOS/Source/tasks.o
                0x00000000080055ac                xTaskRemoveFromEventList
 .text.vTaskInternalSetTimeOutState
                0x0000000008005674       0x2c ./Middlewares/Third_Party/FreeRTOS/Source/tasks.o
                0x0000000008005674                vTaskInternalSetTimeOutState
 .text.xTaskCheckForTimeOut
                0x00000000080056a0       0xc4 ./Middlewares/Third_Party/FreeRTOS/Source/tasks.o
                0x00000000080056a0                xTaskCheckForTimeOut
 .text.vTaskMissedYield
                0x0000000008005764       0x18 ./Middlewares/Third_Party/FreeRTOS/Source/tasks.o
                0x0000000008005764                vTaskMissedYield
 .text.prvIdleTask
                0x000000000800577c       0x30 ./Middlewares/Third_Party/FreeRTOS/Source/tasks.o
 .text.prvInitialiseTaskLists
                0x00000000080057ac       0x80 ./Middlewares/Third_Party/FreeRTOS/Source/tasks.o
 .text.prvCheckTasksWaitingTermination
                0x000000000800582c       0x5c ./Middlewares/Third_Party/FreeRTOS/Source/tasks.o
 .text.prvDeleteTCB
                0x0000000008005888       0x5e ./Middlewares/Third_Party/FreeRTOS/Source/tasks.o
 *fill*         0x00000000080058e6        0x2 
 .text.prvResetNextTaskUnblockTime
                0x00000000080058e8       0x4c ./Middlewares/Third_Party/FreeRTOS/Source/tasks.o
 .text.xTaskGetCurrentTaskHandle
                0x0000000008005934       0x20 ./Middlewares/Third_Party/FreeRTOS/Source/tasks.o
                0x0000000008005934                xTaskGetCurrentTaskHandle
 .text.xTaskGetSchedulerState
                0x0000000008005954       0x3c ./Middlewares/Third_Party/FreeRTOS/Source/tasks.o
                0x0000000008005954                xTaskGetSchedulerState
 .text.xTaskPriorityInherit
                0x0000000008005990       0xdc ./Middlewares/Third_Party/FreeRTOS/Source/tasks.o
                0x0000000008005990                xTaskPriorityInherit
 .text.xTaskPriorityDisinherit
                0x0000000008005a6c       0xdc ./Middlewares/Third_Party/FreeRTOS/Source/tasks.o
                0x0000000008005a6c                xTaskPriorityDisinherit
 .text.vTaskPriorityDisinheritAfterTimeout
                0x0000000008005b48      0x10c ./Middlewares/Third_Party/FreeRTOS/Source/tasks.o
                0x0000000008005b48                vTaskPriorityDisinheritAfterTimeout
 .text.pvTaskIncrementMutexHeldCount
                0x0000000008005c54       0x28 ./Middlewares/Third_Party/FreeRTOS/Source/tasks.o
                0x0000000008005c54                pvTaskIncrementMutexHeldCount
 .text.prvAddCurrentTaskToDelayedList
                0x0000000008005c7c       0xa8 ./Middlewares/Third_Party/FreeRTOS/Source/tasks.o
 .text.xTimerCreateTimerTask
                0x0000000008005d24       0x90 ./Middlewares/Third_Party/FreeRTOS/Source/timers.o
                0x0000000008005d24                xTimerCreateTimerTask
 .text.xTimerGenericCommand
                0x0000000008005db4       0x9c ./Middlewares/Third_Party/FreeRTOS/Source/timers.o
                0x0000000008005db4                xTimerGenericCommand
 .text.prvProcessExpiredTimer
                0x0000000008005e50       0x80 ./Middlewares/Third_Party/FreeRTOS/Source/timers.o
 .text.prvTimerTask
                0x0000000008005ed0       0x24 ./Middlewares/Third_Party/FreeRTOS/Source/timers.o
 .text.prvProcessTimerOrBlockTask
                0x0000000008005ef4       0x9c ./Middlewares/Third_Party/FreeRTOS/Source/timers.o
 .text.prvGetNextExpireTime
                0x0000000008005f90       0x48 ./Middlewares/Third_Party/FreeRTOS/Source/timers.o
 .text.prvSampleTimeNow
                0x0000000008005fd8       0x40 ./Middlewares/Third_Party/FreeRTOS/Source/timers.o
 .text.prvInsertTimerInActiveList
                0x0000000008006018       0x84 ./Middlewares/Third_Party/FreeRTOS/Source/timers.o
 .text.prvProcessReceivedCommands
                0x000000000800609c      0x168 ./Middlewares/Third_Party/FreeRTOS/Source/timers.o
 .text.prvSwitchTimerLists
                0x0000000008006204       0xc4 ./Middlewares/Third_Party/FreeRTOS/Source/timers.o
 .text.prvCheckForValidListAndQueue
                0x00000000080062c8       0x80 ./Middlewares/Third_Party/FreeRTOS/Source/timers.o
 .text.pxPortInitialiseStack
                0x0000000008006348       0x68 ./Middlewares/Third_Party/FreeRTOS/Source/portable/GCC/ARM_CM4F/port.o
                0x0000000008006348                pxPortInitialiseStack
 .text.prvTaskExitError
                0x00000000080063b0       0x58 ./Middlewares/Third_Party/FreeRTOS/Source/portable/GCC/ARM_CM4F/port.o
 *fill*         0x0000000008006408        0x8 
 .text.SVC_Handler
                0x0000000008006410       0x28 ./Middlewares/Third_Party/FreeRTOS/Source/portable/GCC/ARM_CM4F/port.o
                0x0000000008006410                SVC_Handler
 .text.prvPortStartFirstTask
                0x0000000008006438       0x28 ./Middlewares/Third_Party/FreeRTOS/Source/portable/GCC/ARM_CM4F/port.o
 .text.xPortStartScheduler
                0x0000000008006460      0x144 ./Middlewares/Third_Party/FreeRTOS/Source/portable/GCC/ARM_CM4F/port.o
                0x0000000008006460                xPortStartScheduler
 .text.vPortEnterCritical
                0x00000000080065a4       0x60 ./Middlewares/Third_Party/FreeRTOS/Source/portable/GCC/ARM_CM4F/port.o
                0x00000000080065a4                vPortEnterCritical
 .text.vPortExitCritical
                0x0000000008006604       0x54 ./Middlewares/Third_Party/FreeRTOS/Source/portable/GCC/ARM_CM4F/port.o
                0x0000000008006604                vPortExitCritical
 *fill*         0x0000000008006658        0x8 
 .text.PendSV_Handler
                0x0000000008006660       0x68 ./Middlewares/Third_Party/FreeRTOS/Source/portable/GCC/ARM_CM4F/port.o
                0x0000000008006660                PendSV_Handler
 .text.xPortSysTickHandler
                0x00000000080066c8       0x44 ./Middlewares/Third_Party/FreeRTOS/Source/portable/GCC/ARM_CM4F/port.o
                0x00000000080066c8                xPortSysTickHandler
 .text.vPortSetupTimerInterrupt
                0x000000000800670c       0x48 ./Middlewares/Third_Party/FreeRTOS/Source/portable/GCC/ARM_CM4F/port.o
                0x000000000800670c                vPortSetupTimerInterrupt
 .text.vPortEnableVFP
                0x0000000008006754       0x14 ./Middlewares/Third_Party/FreeRTOS/Source/portable/GCC/ARM_CM4F/port.o
 .text.vPortValidateInterruptPriority
                0x0000000008006768       0x80 ./Middlewares/Third_Party/FreeRTOS/Source/portable/GCC/ARM_CM4F/port.o
                0x0000000008006768                vPortValidateInterruptPriority
 .text.pvPortMalloc
                0x00000000080067e8      0x188 ./Middlewares/Third_Party/FreeRTOS/Source/portable/MemMang/heap_4.o
                0x00000000080067e8                pvPortMalloc
 .text.vPortFree
                0x0000000008006970       0xb4 ./Middlewares/Third_Party/FreeRTOS/Source/portable/MemMang/heap_4.o
                0x0000000008006970                vPortFree
 .text.prvHeapInit
                0x0000000008006a24       0xc4 ./Middlewares/Third_Party/FreeRTOS/Source/portable/MemMang/heap_4.o
 .text.prvInsertBlockIntoFreeList
                0x0000000008006ae8       0xb4 ./Middlewares/Third_Party/FreeRTOS/Source/portable/MemMang/heap_4.o
 .text.__libc_init_array
                0x0000000008006b9c       0x48 c:/st/stm32cubeide_1.7.0/stm32cubeide/plugins/com.st.stm32cube.ide.mcu.externaltools.gnu-tools-for-stm32.9-2020-q2-update.win32_2.0.0.202105311346/tools/bin/../lib/gcc/arm-none-eabi/9.3.1/../../../../arm-none-eabi/lib/thumb/v7e-m+fp/hard\libc_nano.a(lib_a-init.o)
                0x0000000008006b9c                __libc_init_array
 .text.memcpy   0x0000000008006be4       0x1c c:/st/stm32cubeide_1.7.0/stm32cubeide/plugins/com.st.stm32cube.ide.mcu.externaltools.gnu-tools-for-stm32.9-2020-q2-update.win32_2.0.0.202105311346/tools/bin/../lib/gcc/arm-none-eabi/9.3.1/../../../../arm-none-eabi/lib/thumb/v7e-m+fp/hard\libc_nano.a(lib_a-memcpy-stub.o)
                0x0000000008006be4                memcpy
 .text.memset   0x0000000008006c00       0x10 c:/st/stm32cubeide_1.7.0/stm32cubeide/plugins/com.st.stm32cube.ide.mcu.externaltools.gnu-tools-for-stm32.9-2020-q2-update.win32_2.0.0.202105311346/tools/bin/../lib/gcc/arm-none-eabi/9.3.1/../../../../arm-none-eabi/lib/thumb/v7e-m+fp/hard\libc_nano.a(lib_a-memset.o)
                0x0000000008006c00                memset
 *(.glue_7)
 .glue_7        0x0000000008006c10        0x0 linker stubs
 *(.glue_7t)
 .glue_7t       0x0000000008006c10        0x0 linker stubs
 *(.eh_frame)
 .eh_frame      0x0000000008006c10        0x0 c:/st/stm32cubeide_1.7.0/stm32cubeide/plugins/com.st.stm32cube.ide.mcu.externaltools.gnu-tools-for-stm32.9-2020-q2-update.win32_2.0.0.202105311346/tools/bin/../lib/gcc/arm-none-eabi/9.3.1/thumb/v7e-m+fp/hard/crtbegin.o
 *(.init)
 .init          0x0000000008006c10        0x4 c:/st/stm32cubeide_1.7.0/stm32cubeide/plugins/com.st.stm32cube.ide.mcu.externaltools.gnu-tools-for-stm32.9-2020-q2-update.win32_2.0.0.202105311346/tools/bin/../lib/gcc/arm-none-eabi/9.3.1/thumb/v7e-m+fp/hard/crti.o
                0x0000000008006c10                _init
 .init          0x0000000008006c14        0x8 c:/st/stm32cubeide_1.7.0/stm32cubeide/plugins/com.st.stm32cube.ide.mcu.externaltools.gnu-tools-for-stm32.9-2020-q2-update.win32_2.0.0.202105311346/tools/bin/../lib/gcc/arm-none-eabi/9.3.1/thumb/v7e-m+fp/hard/crtn.o
 *(.fini)
 .fini          0x0000000008006c1c        0x4 c:/st/stm32cubeide_1.7.0/stm32cubeide/plugins/com.st.stm32cube.ide.mcu.externaltools.gnu-tools-for-stm32.9-2020-q2-update.win32_2.0.0.202105311346/tools/bin/../lib/gcc/arm-none-eabi/9.3.1/thumb/v7e-m+fp/hard/crti.o
                0x0000000008006c1c                _fini
 .fini          0x0000000008006c20        0x8 c:/st/stm32cubeide_1.7.0/stm32cubeide/plugins/com.st.stm32cube.ide.mcu.externaltools.gnu-tools-for-stm32.9-2020-q2-update.win32_2.0.0.202105311346/tools/bin/../lib/gcc/arm-none-eabi/9.3.1/thumb/v7e-m+fp/hard/crtn.o
                0x0000000008006c28                . = ALIGN (0x4)
                0x0000000008006c28                _etext = .

.vfp11_veneer   0x0000000008006c28        0x0
 .vfp11_veneer  0x0000000008006c28        0x0 linker stubs

.v4_bx          0x0000000008006c28        0x0
 .v4_bx         0x0000000008006c28        0x0 linker stubs

.iplt           0x0000000008006c28        0x0
 .iplt          0x0000000008006c28        0x0 c:/st/stm32cubeide_1.7.0/stm32cubeide/plugins/com.st.stm32cube.ide.mcu.externaltools.gnu-tools-for-stm32.9-2020-q2-update.win32_2.0.0.202105311346/tools/bin/../lib/gcc/arm-none-eabi/9.3.1/thumb/v7e-m+fp/hard/crtbegin.o

.rodata         0x0000000008006c28      0x268
                0x0000000008006c28                . = ALIGN (0x4)
 *(.rodata)
 .rodata        0x0000000008006c28       0xde ./Core/Src/main.o
 *fill*         0x0000000008006d06        0x2 
 .rodata        0x0000000008006d08        0x5 ./Middlewares/Third_Party/FreeRTOS/Source/tasks.o
 *fill*         0x0000000008006d0d        0x3 
 .rodata        0x0000000008006d10        0xd ./Middlewares/Third_Party/FreeRTOS/Source/timers.o
 *(.rodata*)
 *fill*         0x0000000008006d1d        0x3 
 .rodata.defaultTask_attributes
                0x0000000008006d20       0x24 ./Core/Src/main.o
                0x0000000008006d20                defaultTask_attributes
 .rodata.scene1_attributes
                0x0000000008006d44       0x24 ./Core/Src/main.o
                0x0000000008006d44                scene1_attributes
 .rodata.scene2_attributes
                0x0000000008006d68       0x24 ./Core/Src/main.o
                0x0000000008006d68                scene2_attributes
 .rodata.scene3_attributes
                0x0000000008006d8c       0x24 ./Core/Src/main.o
                0x0000000008006d8c                scene3_attributes
 .rodata.scene1Queue_attributes
                0x0000000008006db0       0x18 ./Core/Src/main.o
                0x0000000008006db0                scene1Queue_attributes
 .rodata.scene2Queue_attributes
                0x0000000008006dc8       0x18 ./Core/Src/main.o
                0x0000000008006dc8                scene2Queue_attributes
 .rodata.scene3Queue_attributes
                0x0000000008006de0       0x18 ./Core/Src/main.o
                0x0000000008006de0                scene3Queue_attributes
 .rodata.sprinkler1Mutex_attributes
                0x0000000008006df8       0x10 ./Core/Src/main.o
                0x0000000008006df8                sprinkler1Mutex_attributes
 .rodata.sprinkler2Mutex_attributes
                0x0000000008006e08       0x10 ./Core/Src/main.o
                0x0000000008006e08                sprinkler2Mutex_attributes
 .rodata.sprinkler3Mutex_attributes
                0x0000000008006e18       0x10 ./Core/Src/main.o
                0x0000000008006e18                sprinkler3Mutex_attributes
 .rodata.scene1Mutex_attributes
                0x0000000008006e28       0x10 ./Core/Src/main.o
                0x0000000008006e28                scene1Mutex_attributes
 .rodata.scene2Mutex_attributes
                0x0000000008006e38       0x10 ./Core/Src/main.o
                0x0000000008006e38                scene2Mutex_attributes
 .rodata.scene3Mutex_attributes
                0x0000000008006e48       0x10 ./Core/Src/main.o
                0x0000000008006e48                scene3Mutex_attributes
 .rodata.AHBPrescTable
                0x0000000008006e58       0x10 ./Core/Src/system_stm32f3xx.o
                0x0000000008006e58                AHBPrescTable
 .rodata.APBPrescTable
                0x0000000008006e68        0x8 ./Core/Src/system_stm32f3xx.o
                0x0000000008006e68                APBPrescTable
 .rodata.aPLLMULFactorTable
                0x0000000008006e70       0x10 ./Drivers/STM32F3xx_HAL_Driver/Src/stm32f3xx_hal_rcc.o
                0x0000000008006e70                aPLLMULFactorTable
 .rodata.aPredivFactorTable
                0x0000000008006e80       0x10 ./Drivers/STM32F3xx_HAL_Driver/Src/stm32f3xx_hal_rcc.o
                0x0000000008006e80                aPredivFactorTable
                0x0000000008006e90                . = ALIGN (0x4)

.rel.dyn        0x0000000008006e90        0x0
 .rel.iplt      0x0000000008006e90        0x0 c:/st/stm32cubeide_1.7.0/stm32cubeide/plugins/com.st.stm32cube.ide.mcu.externaltools.gnu-tools-for-stm32.9-2020-q2-update.win32_2.0.0.202105311346/tools/bin/../lib/gcc/arm-none-eabi/9.3.1/thumb/v7e-m+fp/hard/crtbegin.o

.ARM.extab      0x0000000008006e90        0x0
                0x0000000008006e90                . = ALIGN (0x4)
 *(.ARM.extab* .gnu.linkonce.armextab.*)
                0x0000000008006e90                . = ALIGN (0x4)

.ARM            0x0000000008006e90        0x0
                0x0000000008006e90                . = ALIGN (0x4)
                0x0000000008006e90                __exidx_start = .
 *(.ARM.exidx*)
                0x0000000008006e90                __exidx_end = .
                0x0000000008006e90                . = ALIGN (0x4)

.preinit_array  0x0000000008006e90        0x0
                0x0000000008006e90                . = ALIGN (0x4)
                0x0000000008006e90                PROVIDE (__preinit_array_start = .)
 *(.preinit_array*)
                0x0000000008006e90                PROVIDE (__preinit_array_end = .)
                0x0000000008006e90                . = ALIGN (0x4)

.init_array     0x0000000008006e90        0x4
                0x0000000008006e90                . = ALIGN (0x4)
                0x0000000008006e90                PROVIDE (__init_array_start = .)
 *(SORT_BY_NAME(.init_array.*))
 *(.init_array*)
 .init_array    0x0000000008006e90        0x4 c:/st/stm32cubeide_1.7.0/stm32cubeide/plugins/com.st.stm32cube.ide.mcu.externaltools.gnu-tools-for-stm32.9-2020-q2-update.win32_2.0.0.202105311346/tools/bin/../lib/gcc/arm-none-eabi/9.3.1/thumb/v7e-m+fp/hard/crtbegin.o
                0x0000000008006e94                PROVIDE (__init_array_end = .)
                0x0000000008006e94                . = ALIGN (0x4)

.fini_array     0x0000000008006e94        0x4
                0x0000000008006e94                . = ALIGN (0x4)
                [!provide]                        PROVIDE (__fini_array_start = .)
 *(SORT_BY_NAME(.fini_array.*))
 *(.fini_array*)
 .fini_array    0x0000000008006e94        0x4 c:/st/stm32cubeide_1.7.0/stm32cubeide/plugins/com.st.stm32cube.ide.mcu.externaltools.gnu-tools-for-stm32.9-2020-q2-update.win32_2.0.0.202105311346/tools/bin/../lib/gcc/arm-none-eabi/9.3.1/thumb/v7e-m+fp/hard/crtbegin.o
                [!provide]                        PROVIDE (__fini_array_end = .)
                0x0000000008006e98                . = ALIGN (0x4)
                0x0000000008006e98                _sidata = LOADADDR (.data)

.data           0x0000000020000000       0xd0 load address 0x0000000008006e98
                0x0000000020000000                . = ALIGN (0x4)
                0x0000000020000000                _sdata = .
 *(.data)
 *(.data*)
 .data.scene1   0x0000000020000000       0x3c ./Core/Src/main.o
                0x0000000020000000                scene1
 .data.scene2   0x000000002000003c       0x46 ./Core/Src/main.o
                0x000000002000003c                scene2
 *fill*         0x0000000020000082        0x2 
 .data.scene3   0x0000000020000084       0x3c ./Core/Src/main.o
                0x0000000020000084                scene3
 .data.SystemCoreClock
                0x00000000200000c0        0x4 ./Core/Src/system_stm32f3xx.o
                0x00000000200000c0                SystemCoreClock
 .data.uwTickPrio
                0x00000000200000c4        0x4 ./Drivers/STM32F3xx_HAL_Driver/Src/stm32f3xx_hal.o
                0x00000000200000c4                uwTickPrio
 .data.uwTickFreq
                0x00000000200000c8        0x1 ./Drivers/STM32F3xx_HAL_Driver/Src/stm32f3xx_hal.o
                0x00000000200000c8                uwTickFreq
 *fill*         0x00000000200000c9        0x3 
 .data.uxCriticalNesting
                0x00000000200000cc        0x4 ./Middlewares/Third_Party/FreeRTOS/Source/portable/GCC/ARM_CM4F/port.o
 *(.RamFunc)
 *(.RamFunc*)
                0x00000000200000d0                . = ALIGN (0x4)
                0x00000000200000d0                _edata = .
                0x0000000008006f68                _siccmram = LOADADDR (.ccmram)

.igot.plt       0x00000000200000d0        0x0 load address 0x0000000008006f68
 .igot.plt      0x00000000200000d0        0x0 c:/st/stm32cubeide_1.7.0/stm32cubeide/plugins/com.st.stm32cube.ide.mcu.externaltools.gnu-tools-for-stm32.9-2020-q2-update.win32_2.0.0.202105311346/tools/bin/../lib/gcc/arm-none-eabi/9.3.1/thumb/v7e-m+fp/hard/crtbegin.o

.ccmram         0x0000000010000000        0x0 load address 0x0000000008006f68
                0x0000000010000000                . = ALIGN (0x4)
                0x0000000010000000                _sccmram = .
 *(.ccmram)
 *(.ccmram*)
                0x0000000010000000                . = ALIGN (0x4)
                0x0000000010000000                _eccmram = .
                0x0000000010000000                . = ALIGN (0x4)

.bss            0x00000000200000d0     0x1dcc
                0x00000000200000d0                _sbss = .
                0x00000000200000d0                __bss_start__ = _sbss
 *(.bss)
 .bss           0x00000000200000d0       0x1c c:/st/stm32cubeide_1.7.0/stm32cubeide/plugins/com.st.stm32cube.ide.mcu.externaltools.gnu-tools-for-stm32.9-2020-q2-update.win32_2.0.0.202105311346/tools/bin/../lib/gcc/arm-none-eabi/9.3.1/thumb/v7e-m+fp/hard/crtbegin.o
 *(.bss*)
 .bss.UARTinput
                0x00000000200000ec        0xa ./Core/Src/main.o
                0x00000000200000ec                UARTinput
 *fill*         0x00000000200000f6        0x2 
 .bss.KernelState
                0x00000000200000f8        0x4 ./Middlewares/Third_Party/FreeRTOS/Source/CMSIS_RTOS_V2/cmsis_os2.o
 .bss.Idle_TCB  0x00000000200000fc       0x5c ./Middlewares/Third_Party/FreeRTOS/Source/CMSIS_RTOS_V2/cmsis_os2.o
 .bss.Idle_Stack
                0x0000000020000158      0x200 ./Middlewares/Third_Party/FreeRTOS/Source/CMSIS_RTOS_V2/cmsis_os2.o
 .bss.Timer_TCB
                0x0000000020000358       0x5c ./Middlewares/Third_Party/FreeRTOS/Source/CMSIS_RTOS_V2/cmsis_os2.o
 .bss.Timer_Stack
                0x00000000200003b4      0x400 ./Middlewares/Third_Party/FreeRTOS/Source/CMSIS_RTOS_V2/cmsis_os2.o
 .bss.pxCurrentTCB
                0x00000000200007b4        0x4 ./Middlewares/Third_Party/FreeRTOS/Source/tasks.o
                0x00000000200007b4                pxCurrentTCB
 .bss.pxReadyTasksLists
                0x00000000200007b8      0x460 ./Middlewares/Third_Party/FreeRTOS/Source/tasks.o
 .bss.xDelayedTaskList1
                0x0000000020000c18       0x14 ./Middlewares/Third_Party/FreeRTOS/Source/tasks.o
 .bss.xDelayedTaskList2
                0x0000000020000c2c       0x14 ./Middlewares/Third_Party/FreeRTOS/Source/tasks.o
 .bss.pxDelayedTaskList
                0x0000000020000c40        0x4 ./Middlewares/Third_Party/FreeRTOS/Source/tasks.o
 .bss.pxOverflowDelayedTaskList
                0x0000000020000c44        0x4 ./Middlewares/Third_Party/FreeRTOS/Source/tasks.o
 .bss.xPendingReadyList
                0x0000000020000c48       0x14 ./Middlewares/Third_Party/FreeRTOS/Source/tasks.o
 .bss.xTasksWaitingTermination
                0x0000000020000c5c       0x14 ./Middlewares/Third_Party/FreeRTOS/Source/tasks.o
 .bss.uxDeletedTasksWaitingCleanUp
                0x0000000020000c70        0x4 ./Middlewares/Third_Party/FreeRTOS/Source/tasks.o
 .bss.xSuspendedTaskList
                0x0000000020000c74       0x14 ./Middlewares/Third_Party/FreeRTOS/Source/tasks.o
 .bss.uxCurrentNumberOfTasks
                0x0000000020000c88        0x4 ./Middlewares/Third_Party/FreeRTOS/Source/tasks.o
 .bss.xTickCount
                0x0000000020000c8c        0x4 ./Middlewares/Third_Party/FreeRTOS/Source/tasks.o
 .bss.uxTopReadyPriority
                0x0000000020000c90        0x4 ./Middlewares/Third_Party/FreeRTOS/Source/tasks.o
 .bss.xSchedulerRunning
                0x0000000020000c94        0x4 ./Middlewares/Third_Party/FreeRTOS/Source/tasks.o
 .bss.uxPendedTicks
                0x0000000020000c98        0x4 ./Middlewares/Third_Party/FreeRTOS/Source/tasks.o
 .bss.xYieldPending
                0x0000000020000c9c        0x4 ./Middlewares/Third_Party/FreeRTOS/Source/tasks.o
 .bss.xNumOfOverflows
                0x0000000020000ca0        0x4 ./Middlewares/Third_Party/FreeRTOS/Source/tasks.o
 .bss.uxTaskNumber
                0x0000000020000ca4        0x4 ./Middlewares/Third_Party/FreeRTOS/Source/tasks.o
 .bss.xNextTaskUnblockTime
                0x0000000020000ca8        0x4 ./Middlewares/Third_Party/FreeRTOS/Source/tasks.o
 .bss.xIdleTaskHandle
                0x0000000020000cac        0x4 ./Middlewares/Third_Party/FreeRTOS/Source/tasks.o
 .bss.uxSchedulerSuspended
                0x0000000020000cb0        0x4 ./Middlewares/Third_Party/FreeRTOS/Source/tasks.o
 .bss.xActiveTimerList1
                0x0000000020000cb4       0x14 ./Middlewares/Third_Party/FreeRTOS/Source/timers.o
 .bss.xActiveTimerList2
                0x0000000020000cc8       0x14 ./Middlewares/Third_Party/FreeRTOS/Source/timers.o
 .bss.pxCurrentTimerList
                0x0000000020000cdc        0x4 ./Middlewares/Third_Party/FreeRTOS/Source/timers.o
 .bss.pxOverflowTimerList
                0x0000000020000ce0        0x4 ./Middlewares/Third_Party/FreeRTOS/Source/timers.o
 .bss.xTimerQueue
                0x0000000020000ce4        0x4 ./Middlewares/Third_Party/FreeRTOS/Source/timers.o
 .bss.xTimerTaskHandle
                0x0000000020000ce8        0x4 ./Middlewares/Third_Party/FreeRTOS/Source/timers.o
 .bss.xLastTime.6889
                0x0000000020000cec        0x4 ./Middlewares/Third_Party/FreeRTOS/Source/timers.o
 .bss.ucStaticTimerQueueStorage.6940
                0x0000000020000cf0       0xa0 ./Middlewares/Third_Party/FreeRTOS/Source/timers.o
 .bss.xStaticTimerQueue.6939
                0x0000000020000d90       0x50 ./Middlewares/Third_Party/FreeRTOS/Source/timers.o
 .bss.ucMaxSysCallPriority
                0x0000000020000de0        0x1 ./Middlewares/Third_Party/FreeRTOS/Source/portable/GCC/ARM_CM4F/port.o
 *fill*         0x0000000020000de1        0x3 
 .bss.ulMaxPRIGROUPValue
                0x0000000020000de4        0x4 ./Middlewares/Third_Party/FreeRTOS/Source/portable/GCC/ARM_CM4F/port.o
 .bss.ucHeap    0x0000000020000de8      0xfa0 ./Middlewares/Third_Party/FreeRTOS/Source/portable/MemMang/heap_4.o
 .bss.xStart    0x0000000020001d88        0x8 ./Middlewares/Third_Party/FreeRTOS/Source/portable/MemMang/heap_4.o
 .bss.pxEnd     0x0000000020001d90        0x4 ./Middlewares/Third_Party/FreeRTOS/Source/portable/MemMang/heap_4.o
 .bss.xFreeBytesRemaining
                0x0000000020001d94        0x4 ./Middlewares/Third_Party/FreeRTOS/Source/portable/MemMang/heap_4.o
 .bss.xMinimumEverFreeBytesRemaining
                0x0000000020001d98        0x4 ./Middlewares/Third_Party/FreeRTOS/Source/portable/MemMang/heap_4.o
 .bss.xBlockAllocatedBit
                0x0000000020001d9c        0x4 ./Middlewares/Third_Party/FreeRTOS/Source/portable/MemMang/heap_4.o
 *(COMMON)
 COMMON         0x0000000020001da0       0xb8 ./Core/Src/main.o
                0x0000000020001da0                defaultTaskHandle
                0x0000000020001da4                scene3QueueHandle
                0x0000000020001da8                scene3MutexHandle
                0x0000000020001dac                sprinkler2MutexHandle
                0x0000000020001db0                sprinkler3MutexHandle
                0x0000000020001db4                scene1Handle
                0x0000000020001db8                scene2QueueHandle
                0x0000000020001dbc                sprinkler1MutexHandle
                0x0000000020001dc0                scene2Handle
                0x0000000020001dc4                scene3Handle
                0x0000000020001dc8                scene1QueueHandle
                0x0000000020001dcc                scene2MutexHandle
                0x0000000020001dd0                huart2
                0x0000000020001e54                scene1MutexHandle
 COMMON         0x0000000020001e58        0x4 ./Drivers/STM32F3xx_HAL_Driver/Src/stm32f3xx_hal.o
                0x0000000020001e58                uwTick
 COMMON         0x0000000020001e5c       0x40 ./Middlewares/Third_Party/FreeRTOS/Source/queue.o
                0x0000000020001e5c                xQueueRegistry
                0x0000000020001e9c                . = ALIGN (0x4)
                0x0000000020001e9c                _ebss = .
                0x0000000020001e9c                __bss_end__ = _ebss

._user_heap_stack
                0x0000000020001e9c      0x604
                0x0000000020001ea0                . = ALIGN (0x8)
 *fill*         0x0000000020001e9c        0x4 
                [!provide]                        PROVIDE (end = .)
                0x0000000020001ea0                PROVIDE (_end = .)
                0x00000000200020a0                . = (. + _Min_Heap_Size)
 *fill*         0x0000000020001ea0      0x200 
                0x00000000200024a0                . = (. + _Min_Stack_Size)
 *fill*         0x00000000200020a0      0x400 
                0x00000000200024a0                . = ALIGN (0x8)

/DISCARD/
 libc.a(*)
 libm.a(*)
 libgcc.a(*)

.ARM.attributes
                0x0000000000000000       0x30
 *(.ARM.attributes)
 .ARM.attributes
                0x0000000000000000       0x1e c:/st/stm32cubeide_1.7.0/stm32cubeide/plugins/com.st.stm32cube.ide.mcu.externaltools.gnu-tools-for-stm32.9-2020-q2-update.win32_2.0.0.202105311346/tools/bin/../lib/gcc/arm-none-eabi/9.3.1/thumb/v7e-m+fp/hard/crti.o
 .ARM.attributes
                0x000000000000001e       0x34 c:/st/stm32cubeide_1.7.0/stm32cubeide/plugins/com.st.stm32cube.ide.mcu.externaltools.gnu-tools-for-stm32.9-2020-q2-update.win32_2.0.0.202105311346/tools/bin/../lib/gcc/arm-none-eabi/9.3.1/thumb/v7e-m+fp/hard/crtbegin.o
 .ARM.attributes
                0x0000000000000052       0x34 ./Core/Src/main.o
 .ARM.attributes
                0x0000000000000086       0x34 ./Core/Src/stm32f3xx_hal_msp.o
 .ARM.attributes
                0x00000000000000ba       0x34 ./Core/Src/stm32f3xx_it.o
 .ARM.attributes
                0x00000000000000ee       0x34 ./Core/Src/system_stm32f3xx.o
 .ARM.attributes
                0x0000000000000122       0x21 ./Core/Startup/startup_stm32f303retx.o
 .ARM.attributes
                0x0000000000000143       0x34 ./Drivers/STM32F3xx_HAL_Driver/Src/stm32f3xx_hal.o
 .ARM.attributes
                0x0000000000000177       0x34 ./Drivers/STM32F3xx_HAL_Driver/Src/stm32f3xx_hal_cortex.o
 .ARM.attributes
                0x00000000000001ab       0x34 ./Drivers/STM32F3xx_HAL_Driver/Src/stm32f3xx_hal_gpio.o
 .ARM.attributes
                0x00000000000001df       0x34 ./Drivers/STM32F3xx_HAL_Driver/Src/stm32f3xx_hal_rcc.o
 .ARM.attributes
                0x0000000000000213       0x34 ./Drivers/STM32F3xx_HAL_Driver/Src/stm32f3xx_hal_rcc_ex.o
 .ARM.attributes
                0x0000000000000247       0x34 ./Drivers/STM32F3xx_HAL_Driver/Src/stm32f3xx_hal_uart.o
 .ARM.attributes
                0x000000000000027b       0x34 ./Middlewares/Third_Party/FreeRTOS/Source/CMSIS_RTOS_V2/cmsis_os2.o
 .ARM.attributes
                0x00000000000002af       0x34 ./Middlewares/Third_Party/FreeRTOS/Source/list.o
 .ARM.attributes
                0x00000000000002e3       0x34 ./Middlewares/Third_Party/FreeRTOS/Source/queue.o
 .ARM.attributes
                0x0000000000000317       0x34 ./Middlewares/Third_Party/FreeRTOS/Source/tasks.o
 .ARM.attributes
                0x000000000000034b       0x34 ./Middlewares/Third_Party/FreeRTOS/Source/timers.o
 .ARM.attributes
                0x000000000000037f       0x34 ./Middlewares/Third_Party/FreeRTOS/Source/portable/GCC/ARM_CM4F/port.o
 .ARM.attributes
                0x00000000000003b3       0x34 ./Middlewares/Third_Party/FreeRTOS/Source/portable/MemMang/heap_4.o
 .ARM.attributes
                0x00000000000003e7       0x34 c:/st/stm32cubeide_1.7.0/stm32cubeide/plugins/com.st.stm32cube.ide.mcu.externaltools.gnu-tools-for-stm32.9-2020-q2-update.win32_2.0.0.202105311346/tools/bin/../lib/gcc/arm-none-eabi/9.3.1/../../../../arm-none-eabi/lib/thumb/v7e-m+fp/hard\libc_nano.a(lib_a-init.o)
 .ARM.attributes
                0x000000000000041b       0x34 c:/st/stm32cubeide_1.7.0/stm32cubeide/plugins/com.st.stm32cube.ide.mcu.externaltools.gnu-tools-for-stm32.9-2020-q2-update.win32_2.0.0.202105311346/tools/bin/../lib/gcc/arm-none-eabi/9.3.1/../../../../arm-none-eabi/lib/thumb/v7e-m+fp/hard\libc_nano.a(lib_a-memcpy-stub.o)
 .ARM.attributes
                0x000000000000044f       0x34 c:/st/stm32cubeide_1.7.0/stm32cubeide/plugins/com.st.stm32cube.ide.mcu.externaltools.gnu-tools-for-stm32.9-2020-q2-update.win32_2.0.0.202105311346/tools/bin/../lib/gcc/arm-none-eabi/9.3.1/../../../../arm-none-eabi/lib/thumb/v7e-m+fp/hard\libc_nano.a(lib_a-memset.o)
 .ARM.attributes
                0x0000000000000483       0x1c c:/st/stm32cubeide_1.7.0/stm32cubeide/plugins/com.st.stm32cube.ide.mcu.externaltools.gnu-tools-for-stm32.9-2020-q2-update.win32_2.0.0.202105311346/tools/bin/../lib/gcc/arm-none-eabi/9.3.1/../../../../arm-none-eabi/lib/thumb/v7e-m+fp/hard\libc_nano.a(lib_a-strcmp.o)
 .ARM.attributes
                0x000000000000049f       0x17 c:/st/stm32cubeide_1.7.0/stm32cubeide/plugins/com.st.stm32cube.ide.mcu.externaltools.gnu-tools-for-stm32.9-2020-q2-update.win32_2.0.0.202105311346/tools/bin/../lib/gcc/arm-none-eabi/9.3.1/../../../../arm-none-eabi/lib/thumb/v7e-m+fp/hard\libc_nano.a(lib_a-strlen.o)
 .ARM.attributes
                0x00000000000004b6       0x1e c:/st/stm32cubeide_1.7.0/stm32cubeide/plugins/com.st.stm32cube.ide.mcu.externaltools.gnu-tools-for-stm32.9-2020-q2-update.win32_2.0.0.202105311346/tools/bin/../lib/gcc/arm-none-eabi/9.3.1/thumb/v7e-m+fp/hard/crtn.o
OUTPUT(thread-assignment.elf elf32-littlearm)
LOAD linker stubs
LOAD c:/st/stm32cubeide_1.7.0/stm32cubeide/plugins/com.st.stm32cube.ide.mcu.externaltools.gnu-tools-for-stm32.9-2020-q2-update.win32_2.0.0.202105311346/tools/bin/../lib/gcc/arm-none-eabi/9.3.1/../../../../arm-none-eabi/lib/thumb/v7e-m+fp/hard\libc.a
LOAD c:/st/stm32cubeide_1.7.0/stm32cubeide/plugins/com.st.stm32cube.ide.mcu.externaltools.gnu-tools-for-stm32.9-2020-q2-update.win32_2.0.0.202105311346/tools/bin/../lib/gcc/arm-none-eabi/9.3.1/../../../../arm-none-eabi/lib/thumb/v7e-m+fp/hard\libm.a
LOAD c:/st/stm32cubeide_1.7.0/stm32cubeide/plugins/com.st.stm32cube.ide.mcu.externaltools.gnu-tools-for-stm32.9-2020-q2-update.win32_2.0.0.202105311346/tools/bin/../lib/gcc/arm-none-eabi/9.3.1/thumb/v7e-m+fp/hard\libgcc.a

.debug_info     0x0000000000000000    0x1668a
 .debug_info    0x0000000000000000     0x1bc0 ./Core/Src/main.o
 .debug_info    0x0000000000001bc0      0xbc9 ./Core/Src/stm32f3xx_hal_msp.o
 .debug_info    0x0000000000002789      0x214 ./Core/Src/stm32f3xx_it.o
 .debug_info    0x000000000000299d      0x49a ./Core/Src/system_stm32f3xx.o
 .debug_info    0x0000000000002e37       0x22 ./Core/Startup/startup_stm32f303retx.o
 .debug_info    0x0000000000002e59      0x86d ./Drivers/STM32F3xx_HAL_Driver/Src/stm32f3xx_hal.o
 .debug_info    0x00000000000036c6      0xe74 ./Drivers/STM32F3xx_HAL_Driver/Src/stm32f3xx_hal_cortex.o
 .debug_info    0x000000000000453a      0x83d ./Drivers/STM32F3xx_HAL_Driver/Src/stm32f3xx_hal_gpio.o
 .debug_info    0x0000000000004d77     0x15c6 ./Drivers/STM32F3xx_HAL_Driver/Src/stm32f3xx_hal_rcc.o
 .debug_info    0x000000000000633d      0x716 ./Drivers/STM32F3xx_HAL_Driver/Src/stm32f3xx_hal_rcc_ex.o
 .debug_info    0x0000000000006a53     0x3af9 ./Drivers/STM32F3xx_HAL_Driver/Src/stm32f3xx_hal_uart.o
 .debug_info    0x000000000000a54c     0x3cd3 ./Middlewares/Third_Party/FreeRTOS/Source/CMSIS_RTOS_V2/cmsis_os2.o
 .debug_info    0x000000000000e21f      0xb7c ./Middlewares/Third_Party/FreeRTOS/Source/list.o
 .debug_info    0x000000000000ed9b     0x22de ./Middlewares/Third_Party/FreeRTOS/Source/queue.o
 .debug_info    0x0000000000011079     0x29ae ./Middlewares/Third_Party/FreeRTOS/Source/tasks.o
 .debug_info    0x0000000000013a27     0x1afb ./Middlewares/Third_Party/FreeRTOS/Source/timers.o
 .debug_info    0x0000000000015522      0x4f1 ./Middlewares/Third_Party/FreeRTOS/Source/portable/GCC/ARM_CM4F/port.o
 .debug_info    0x0000000000015a13      0xc77 ./Middlewares/Third_Party/FreeRTOS/Source/portable/MemMang/heap_4.o

.debug_abbrev   0x0000000000000000     0x2b06
 .debug_abbrev  0x0000000000000000      0x327 ./Core/Src/main.o
 .debug_abbrev  0x0000000000000327      0x1b5 ./Core/Src/stm32f3xx_hal_msp.o
 .debug_abbrev  0x00000000000004dc       0xd2 ./Core/Src/stm32f3xx_it.o
 .debug_abbrev  0x00000000000005ae      0x145 ./Core/Src/system_stm32f3xx.o
 .debug_abbrev  0x00000000000006f3       0x12 ./Core/Startup/startup_stm32f303retx.o
 .debug_abbrev  0x0000000000000705      0x1ed ./Drivers/STM32F3xx_HAL_Driver/Src/stm32f3xx_hal.o
 .debug_abbrev  0x00000000000008f2      0x33c ./Drivers/STM32F3xx_HAL_Driver/Src/stm32f3xx_hal_cortex.o
 .debug_abbrev  0x0000000000000c2e      0x1e8 ./Drivers/STM32F3xx_HAL_Driver/Src/stm32f3xx_hal_gpio.o
 .debug_abbrev  0x0000000000000e16      0x2c4 ./Drivers/STM32F3xx_HAL_Driver/Src/stm32f3xx_hal_rcc.o
 .debug_abbrev  0x00000000000010da      0x23e ./Drivers/STM32F3xx_HAL_Driver/Src/stm32f3xx_hal_rcc_ex.o
 .debug_abbrev  0x0000000000001318      0x2b3 ./Drivers/STM32F3xx_HAL_Driver/Src/stm32f3xx_hal_uart.o
 .debug_abbrev  0x00000000000015cb      0x3ed ./Middlewares/Third_Party/FreeRTOS/Source/CMSIS_RTOS_V2/cmsis_os2.o
 .debug_abbrev  0x00000000000019b8      0x1f7 ./Middlewares/Third_Party/FreeRTOS/Source/list.o
 .debug_abbrev  0x0000000000001baf      0x3a2 ./Middlewares/Third_Party/FreeRTOS/Source/queue.o
 .debug_abbrev  0x0000000000001f51      0x39a ./Middlewares/Third_Party/FreeRTOS/Source/tasks.o
 .debug_abbrev  0x00000000000022eb      0x317 ./Middlewares/Third_Party/FreeRTOS/Source/timers.o
 .debug_abbrev  0x0000000000002602      0x231 ./Middlewares/Third_Party/FreeRTOS/Source/portable/GCC/ARM_CM4F/port.o
 .debug_abbrev  0x0000000000002833      0x2d3 ./Middlewares/Third_Party/FreeRTOS/Source/portable/MemMang/heap_4.o

.debug_aranges  0x0000000000000000      0xe10
 .debug_aranges
                0x0000000000000000       0xa0 ./Core/Src/main.o
 .debug_aranges
                0x00000000000000a0       0x30 ./Core/Src/stm32f3xx_hal_msp.o
 .debug_aranges
                0x00000000000000d0       0x50 ./Core/Src/stm32f3xx_it.o
 .debug_aranges
                0x0000000000000120       0x28 ./Core/Src/system_stm32f3xx.o
 .debug_aranges
                0x0000000000000148       0x28 ./Core/Startup/startup_stm32f303retx.o
 .debug_aranges
                0x0000000000000170       0xe0 ./Drivers/STM32F3xx_HAL_Driver/Src/stm32f3xx_hal.o
 .debug_aranges
                0x0000000000000250      0x118 ./Drivers/STM32F3xx_HAL_Driver/Src/stm32f3xx_hal_cortex.o
 .debug_aranges
                0x0000000000000368       0x58 ./Drivers/STM32F3xx_HAL_Driver/Src/stm32f3xx_hal_gpio.o
 .debug_aranges
                0x00000000000003c0       0x88 ./Drivers/STM32F3xx_HAL_Driver/Src/stm32f3xx_hal_rcc.o
 .debug_aranges
                0x0000000000000448       0x38 ./Drivers/STM32F3xx_HAL_Driver/Src/stm32f3xx_hal_rcc_ex.o
 .debug_aranges
                0x0000000000000480      0x228 ./Drivers/STM32F3xx_HAL_Driver/Src/stm32f3xx_hal_uart.o
 .debug_aranges
                0x00000000000006a8      0x228 ./Middlewares/Third_Party/FreeRTOS/Source/CMSIS_RTOS_V2/cmsis_os2.o
 .debug_aranges
                0x00000000000008d0       0x40 ./Middlewares/Third_Party/FreeRTOS/Source/list.o
 .debug_aranges
                0x0000000000000910      0x158 ./Middlewares/Third_Party/FreeRTOS/Source/queue.o
 .debug_aranges
                0x0000000000000a68      0x1f8 ./Middlewares/Third_Party/FreeRTOS/Source/tasks.o
 .debug_aranges
                0x0000000000000c60       0xe0 ./Middlewares/Third_Party/FreeRTOS/Source/timers.o
 .debug_aranges
                0x0000000000000d40       0x80 ./Middlewares/Third_Party/FreeRTOS/Source/portable/GCC/ARM_CM4F/port.o
 .debug_aranges
                0x0000000000000dc0       0x50 ./Middlewares/Third_Party/FreeRTOS/Source/portable/MemMang/heap_4.o

.debug_ranges   0x0000000000000000      0xd28
 .debug_ranges  0x0000000000000000       0x90 ./Core/Src/main.o
 .debug_ranges  0x0000000000000090       0x20 ./Core/Src/stm32f3xx_hal_msp.o
 .debug_ranges  0x00000000000000b0       0x40 ./Core/Src/stm32f3xx_it.o
 .debug_ranges  0x00000000000000f0       0x18 ./Core/Src/system_stm32f3xx.o
 .debug_ranges  0x0000000000000108       0x20 ./Core/Startup/startup_stm32f303retx.o
 .debug_ranges  0x0000000000000128       0xd0 ./Drivers/STM32F3xx_HAL_Driver/Src/stm32f3xx_hal.o
 .debug_ranges  0x00000000000001f8      0x108 ./Drivers/STM32F3xx_HAL_Driver/Src/stm32f3xx_hal_cortex.o
 .debug_ranges  0x0000000000000300       0x48 ./Drivers/STM32F3xx_HAL_Driver/Src/stm32f3xx_hal_gpio.o
 .debug_ranges  0x0000000000000348       0x78 ./Drivers/STM32F3xx_HAL_Driver/Src/stm32f3xx_hal_rcc.o
 .debug_ranges  0x00000000000003c0       0x28 ./Drivers/STM32F3xx_HAL_Driver/Src/stm32f3xx_hal_rcc_ex.o
 .debug_ranges  0x00000000000003e8      0x248 ./Drivers/STM32F3xx_HAL_Driver/Src/stm32f3xx_hal_uart.o
 .debug_ranges  0x0000000000000630      0x218 ./Middlewares/Third_Party/FreeRTOS/Source/CMSIS_RTOS_V2/cmsis_os2.o
 .debug_ranges  0x0000000000000848       0x30 ./Middlewares/Third_Party/FreeRTOS/Source/list.o
 .debug_ranges  0x0000000000000878      0x148 ./Middlewares/Third_Party/FreeRTOS/Source/queue.o
 .debug_ranges  0x00000000000009c0      0x1e8 ./Middlewares/Third_Party/FreeRTOS/Source/tasks.o
 .debug_ranges  0x0000000000000ba8       0xd0 ./Middlewares/Third_Party/FreeRTOS/Source/timers.o
 .debug_ranges  0x0000000000000c78       0x70 ./Middlewares/Third_Party/FreeRTOS/Source/portable/GCC/ARM_CM4F/port.o
 .debug_ranges  0x0000000000000ce8       0x40 ./Middlewares/Third_Party/FreeRTOS/Source/portable/MemMang/heap_4.o

.debug_macro    0x0000000000000000     0x2df7
 .debug_macro   0x0000000000000000      0x30e ./Core/Src/main.o
 .debug_macro   0x000000000000030e       0x5b ./Core/Src/main.o
 .debug_macro   0x0000000000000369       0x74 ./Core/Src/main.o
 .debug_macro   0x00000000000003dd      0x11c ./Core/Src/main.o
 .debug_macro   0x00000000000004f9       0xdd ./Core/Src/main.o
 .debug_macro   0x00000000000005d6       0x52 ./Core/Src/main.o
 .debug_macro   0x0000000000000628       0x18 ./Core/Src/main.o
 .debug_macro   0x0000000000000640       0x3c ./Core/Src/main.o
 .debug_macro   0x000000000000067c       0x34 ./Core/Src/main.o
 .debug_macro   0x00000000000006b0       0x16 ./Core/Src/main.o
 .debug_macro   0x00000000000006c6       0x43 ./Core/Src/main.o
 .debug_macro   0x0000000000000709       0x34 ./Core/Src/main.o
 .debug_macro   0x000000000000073d       0x10 ./Core/Src/main.o
 .debug_macro   0x000000000000074d       0x58 ./Core/Src/main.o
 .debug_macro   0x00000000000007a5       0x71 ./Core/Src/main.o
 .debug_macro   0x0000000000000816       0x1c ./Core/Src/main.o
 .debug_macro   0x0000000000000832      0x12a ./Core/Src/main.o
 .debug_macro   0x000000000000095c      0x333 ./Core/Src/main.o
 .debug_macro   0x0000000000000c8f       0x10 ./Core/Src/main.o
 .debug_macro   0x0000000000000c9f       0x35 ./Core/Src/main.o
 .debug_macro   0x0000000000000cd4       0x20 ./Core/Src/main.o
 .debug_macro   0x0000000000000cf4      0x1cd ./Core/Src/stm32f3xx_hal_msp.o
 .debug_macro   0x0000000000000ec1      0x23f ./Core/Src/stm32f3xx_it.o
 .debug_macro   0x0000000000001100      0x1c3 ./Core/Src/system_stm32f3xx.o
 .debug_macro   0x00000000000012c3      0x1e7 ./Drivers/STM32F3xx_HAL_Driver/Src/stm32f3xx_hal.o
 .debug_macro   0x00000000000014aa      0x1c3 ./Drivers/STM32F3xx_HAL_Driver/Src/stm32f3xx_hal_cortex.o
 .debug_macro   0x000000000000166d      0x1ca ./Drivers/STM32F3xx_HAL_Driver/Src/stm32f3xx_hal_gpio.o
 .debug_macro   0x0000000000001837      0x1e7 ./Drivers/STM32F3xx_HAL_Driver/Src/stm32f3xx_hal_rcc.o
 .debug_macro   0x0000000000001a1e      0x1c3 ./Drivers/STM32F3xx_HAL_Driver/Src/stm32f3xx_hal_rcc_ex.o
 .debug_macro   0x0000000000001be1      0x1e0 ./Drivers/STM32F3xx_HAL_Driver/Src/stm32f3xx_hal_uart.o
 .debug_macro   0x0000000000001dc1      0x247 ./Middlewares/Third_Party/FreeRTOS/Source/CMSIS_RTOS_V2/cmsis_os2.o
 .debug_macro   0x0000000000002008       0x10 ./Middlewares/Third_Party/FreeRTOS/Source/CMSIS_RTOS_V2/cmsis_os2.o
 .debug_macro   0x0000000000002018       0xd3 ./Middlewares/Third_Party/FreeRTOS/Source/CMSIS_RTOS_V2/cmsis_os2.o
 .debug_macro   0x00000000000020eb       0x91 ./Middlewares/Third_Party/FreeRTOS/Source/CMSIS_RTOS_V2/cmsis_os2.o
 .debug_macro   0x000000000000217c       0x8d ./Middlewares/Third_Party/FreeRTOS/Source/CMSIS_RTOS_V2/cmsis_os2.o
 .debug_macro   0x0000000000002209       0x9a ./Middlewares/Third_Party/FreeRTOS/Source/CMSIS_RTOS_V2/cmsis_os2.o
 .debug_macro   0x00000000000022a3      0x187 ./Middlewares/Third_Party/FreeRTOS/Source/list.o
 .debug_macro   0x000000000000242a      0x212 ./Middlewares/Third_Party/FreeRTOS/Source/queue.o
 .debug_macro   0x000000000000263c       0x16 ./Middlewares/Third_Party/FreeRTOS/Source/queue.o
 .debug_macro   0x0000000000002652      0x287 ./Middlewares/Third_Party/FreeRTOS/Source/tasks.o
 .debug_macro   0x00000000000028d9       0x10 ./Middlewares/Third_Party/FreeRTOS/Source/tasks.o
 .debug_macro   0x00000000000028e9      0x1ca ./Middlewares/Third_Party/FreeRTOS/Source/timers.o
 .debug_macro   0x0000000000002ab3      0x196 ./Middlewares/Third_Party/FreeRTOS/Source/portable/GCC/ARM_CM4F/port.o
 .debug_macro   0x0000000000002c49      0x1ae ./Middlewares/Third_Party/FreeRTOS/Source/portable/MemMang/heap_4.o

.debug_line     0x0000000000000000    0x11405
 .debug_line    0x0000000000000000      0xce7 ./Core/Src/main.o
 .debug_line    0x0000000000000ce7      0x70e ./Core/Src/stm32f3xx_hal_msp.o
 .debug_line    0x00000000000013f5      0x869 ./Core/Src/stm32f3xx_it.o
 .debug_line    0x0000000000001c5e      0x73c ./Core/Src/system_stm32f3xx.o
 .debug_line    0x000000000000239a       0x88 ./Core/Startup/startup_stm32f303retx.o
 .debug_line    0x0000000000002422      0x96c ./Drivers/STM32F3xx_HAL_Driver/Src/stm32f3xx_hal.o
 .debug_line    0x0000000000002d8e      0xc31 ./Drivers/STM32F3xx_HAL_Driver/Src/stm32f3xx_hal_cortex.o
 .debug_line    0x00000000000039bf      0xaf5 ./Drivers/STM32F3xx_HAL_Driver/Src/stm32f3xx_hal_gpio.o
 .debug_line    0x00000000000044b4     0x135d ./Drivers/STM32F3xx_HAL_Driver/Src/stm32f3xx_hal_rcc.o
 .debug_line    0x0000000000005811      0xe88 ./Drivers/STM32F3xx_HAL_Driver/Src/stm32f3xx_hal_rcc_ex.o
 .debug_line    0x0000000000006699     0x30fe ./Drivers/STM32F3xx_HAL_Driver/Src/stm32f3xx_hal_uart.o
 .debug_line    0x0000000000009797     0x2459 ./Middlewares/Third_Party/FreeRTOS/Source/CMSIS_RTOS_V2/cmsis_os2.o
 .debug_line    0x000000000000bbf0      0x70b ./Middlewares/Third_Party/FreeRTOS/Source/list.o
 .debug_line    0x000000000000c2fb     0x16ce ./Middlewares/Third_Party/FreeRTOS/Source/queue.o
 .debug_line    0x000000000000d9c9     0x1d25 ./Middlewares/Third_Party/FreeRTOS/Source/tasks.o
 .debug_line    0x000000000000f6ee      0xc9b ./Middlewares/Third_Party/FreeRTOS/Source/timers.o
 .debug_line    0x0000000000010389      0x7af ./Middlewares/Third_Party/FreeRTOS/Source/portable/GCC/ARM_CM4F/port.o
 .debug_line    0x0000000000010b38      0x8cd ./Middlewares/Third_Party/FreeRTOS/Source/portable/MemMang/heap_4.o

.debug_str      0x0000000000000000    0xc91e8
 .debug_str     0x0000000000000000    0xc1415 ./Core/Src/main.o
                                      0xc1bdb (size before relaxing)
 .debug_str     0x00000000000c1415      0x3f3 ./Core/Src/stm32f3xx_hal_msp.o
                                      0xbad2c (size before relaxing)
 .debug_str     0x00000000000c1808      0xde0 ./Core/Src/stm32f3xx_it.o
                                      0xbdcf9 (size before relaxing)
 .debug_str     0x00000000000c25e8       0xbd ./Core/Src/system_stm32f3xx.o
                                      0xba47d (size before relaxing)
 .debug_str     0x00000000000c26a5       0x36 ./Core/Startup/startup_stm32f303retx.o
                                         0x7a (size before relaxing)
 .debug_str     0x00000000000c26db      0x317 ./Drivers/STM32F3xx_HAL_Driver/Src/stm32f3xx_hal.o
                                      0xbac84 (size before relaxing)
 .debug_str     0x00000000000c29f2      0x3a1 ./Drivers/STM32F3xx_HAL_Driver/Src/stm32f3xx_hal_cortex.o
                                      0xbad92 (size before relaxing)
 .debug_str     0x00000000000c2d93      0x1df ./Drivers/STM32F3xx_HAL_Driver/Src/stm32f3xx_hal_gpio.o
                                      0xba6a0 (size before relaxing)
 .debug_str     0x00000000000c2f72      0x2fc ./Drivers/STM32F3xx_HAL_Driver/Src/stm32f3xx_hal_rcc.o
                                      0xba8ef (size before relaxing)
 .debug_str     0x00000000000c326e       0xd8 ./Drivers/STM32F3xx_HAL_Driver/Src/stm32f3xx_hal_rcc_ex.o
                                      0xba739 (size before relaxing)
 .debug_str     0x00000000000c3346      0x88e ./Drivers/STM32F3xx_HAL_Driver/Src/stm32f3xx_hal_uart.o
                                      0xbb0fb (size before relaxing)
 .debug_str     0x00000000000c3bd4     0x2811 ./Middlewares/Third_Party/FreeRTOS/Source/CMSIS_RTOS_V2/cmsis_os2.o
                                       0xe2de (size before relaxing)
 .debug_str     0x00000000000c63e5      0x225 ./Middlewares/Third_Party/FreeRTOS/Source/list.o
                                       0xa73b (size before relaxing)
 .debug_str     0x00000000000c660a      0x8fd ./Middlewares/Third_Party/FreeRTOS/Source/queue.o
                                       0xbf65 (size before relaxing)
 .debug_str     0x00000000000c6f07     0x12f3 ./Middlewares/Third_Party/FreeRTOS/Source/tasks.o
                                       0xcb7b (size before relaxing)
 .debug_str     0x00000000000c81fa      0x586 ./Middlewares/Third_Party/FreeRTOS/Source/timers.o
                                       0xc483 (size before relaxing)
 .debug_str     0x00000000000c8780      0x817 ./Middlewares/Third_Party/FreeRTOS/Source/portable/GCC/ARM_CM4F/port.o
                                       0x81ae (size before relaxing)
 .debug_str     0x00000000000c8f97      0x251 ./Middlewares/Third_Party/FreeRTOS/Source/portable/MemMang/heap_4.o
                                       0xae5e (size before relaxing)

.comment        0x0000000000000000       0x53
 .comment       0x0000000000000000       0x53 ./Core/Src/main.o
                                         0x54 (size before relaxing)
 .comment       0x0000000000000053       0x54 ./Core/Src/stm32f3xx_hal_msp.o
 .comment       0x0000000000000053       0x54 ./Core/Src/stm32f3xx_it.o
 .comment       0x0000000000000053       0x54 ./Core/Src/system_stm32f3xx.o
 .comment       0x0000000000000053       0x54 ./Drivers/STM32F3xx_HAL_Driver/Src/stm32f3xx_hal.o
 .comment       0x0000000000000053       0x54 ./Drivers/STM32F3xx_HAL_Driver/Src/stm32f3xx_hal_cortex.o
 .comment       0x0000000000000053       0x54 ./Drivers/STM32F3xx_HAL_Driver/Src/stm32f3xx_hal_gpio.o
 .comment       0x0000000000000053       0x54 ./Drivers/STM32F3xx_HAL_Driver/Src/stm32f3xx_hal_rcc.o
 .comment       0x0000000000000053       0x54 ./Drivers/STM32F3xx_HAL_Driver/Src/stm32f3xx_hal_rcc_ex.o
 .comment       0x0000000000000053       0x54 ./Drivers/STM32F3xx_HAL_Driver/Src/stm32f3xx_hal_uart.o
 .comment       0x0000000000000053       0x54 ./Middlewares/Third_Party/FreeRTOS/Source/CMSIS_RTOS_V2/cmsis_os2.o
 .comment       0x0000000000000053       0x54 ./Middlewares/Third_Party/FreeRTOS/Source/list.o
 .comment       0x0000000000000053       0x54 ./Middlewares/Third_Party/FreeRTOS/Source/queue.o
 .comment       0x0000000000000053       0x54 ./Middlewares/Third_Party/FreeRTOS/Source/tasks.o
 .comment       0x0000000000000053       0x54 ./Middlewares/Third_Party/FreeRTOS/Source/timers.o
 .comment       0x0000000000000053       0x54 ./Middlewares/Third_Party/FreeRTOS/Source/portable/GCC/ARM_CM4F/port.o
 .comment       0x0000000000000053       0x54 ./Middlewares/Third_Party/FreeRTOS/Source/portable/MemMang/heap_4.o

.debug_frame    0x0000000000000000     0x3984
 .debug_frame   0x0000000000000000      0x240 ./Core/Src/main.o
 .debug_frame   0x0000000000000240       0x7c ./Core/Src/stm32f3xx_hal_msp.o
 .debug_frame   0x00000000000002bc       0xc4 ./Core/Src/stm32f3xx_it.o
 .debug_frame   0x0000000000000380       0x58 ./Core/Src/system_stm32f3xx.o
 .debug_frame   0x00000000000003d8      0x334 ./Drivers/STM32F3xx_HAL_Driver/Src/stm32f3xx_hal.o
 .debug_frame   0x000000000000070c      0x498 ./Drivers/STM32F3xx_HAL_Driver/Src/stm32f3xx_hal_cortex.o
 .debug_frame   0x0000000000000ba4      0x14c ./Drivers/STM32F3xx_HAL_Driver/Src/stm32f3xx_hal_gpio.o
 .debug_frame   0x0000000000000cf0      0x214 ./Drivers/STM32F3xx_HAL_Driver/Src/stm32f3xx_hal_rcc.o
 .debug_frame   0x0000000000000f04       0xb4 ./Drivers/STM32F3xx_HAL_Driver/Src/stm32f3xx_hal_rcc_ex.o
 .debug_frame   0x0000000000000fb8      0x9e8 ./Drivers/STM32F3xx_HAL_Driver/Src/stm32f3xx_hal_uart.o
 .debug_frame   0x00000000000019a0      0x980 ./Middlewares/Third_Party/FreeRTOS/Source/CMSIS_RTOS_V2/cmsis_os2.o
 .debug_frame   0x0000000000002320       0xd8 ./Middlewares/Third_Party/FreeRTOS/Source/list.o
 .debug_frame   0x00000000000023f8      0x5ec ./Middlewares/Third_Party/FreeRTOS/Source/queue.o
 .debug_frame   0x00000000000029e4      0x8a8 ./Middlewares/Third_Party/FreeRTOS/Source/tasks.o
 .debug_frame   0x000000000000328c      0x3b4 ./Middlewares/Third_Party/FreeRTOS/Source/timers.o
 .debug_frame   0x0000000000003640      0x1a8 ./Middlewares/Third_Party/FreeRTOS/Source/portable/GCC/ARM_CM4F/port.o
 .debug_frame   0x00000000000037e8      0x108 ./Middlewares/Third_Party/FreeRTOS/Source/portable/MemMang/heap_4.o
 .debug_frame   0x00000000000038f0       0x2c c:/st/stm32cubeide_1.7.0/stm32cubeide/plugins/com.st.stm32cube.ide.mcu.externaltools.gnu-tools-for-stm32.9-2020-q2-update.win32_2.0.0.202105311346/tools/bin/../lib/gcc/arm-none-eabi/9.3.1/../../../../arm-none-eabi/lib/thumb/v7e-m+fp/hard\libc_nano.a(lib_a-init.o)
 .debug_frame   0x000000000000391c       0x28 c:/st/stm32cubeide_1.7.0/stm32cubeide/plugins/com.st.stm32cube.ide.mcu.externaltools.gnu-tools-for-stm32.9-2020-q2-update.win32_2.0.0.202105311346/tools/bin/../lib/gcc/arm-none-eabi/9.3.1/../../../../arm-none-eabi/lib/thumb/v7e-m+fp/hard\libc_nano.a(lib_a-memcpy-stub.o)
 .debug_frame   0x0000000000003944       0x20 c:/st/stm32cubeide_1.7.0/stm32cubeide/plugins/com.st.stm32cube.ide.mcu.externaltools.gnu-tools-for-stm32.9-2020-q2-update.win32_2.0.0.202105311346/tools/bin/../lib/gcc/arm-none-eabi/9.3.1/../../../../arm-none-eabi/lib/thumb/v7e-m+fp/hard\libc_nano.a(lib_a-memset.o)
 .debug_frame   0x0000000000003964       0x20 c:/st/stm32cubeide_1.7.0/stm32cubeide/plugins/com.st.stm32cube.ide.mcu.externaltools.gnu-tools-for-stm32.9-2020-q2-update.win32_2.0.0.202105311346/tools/bin/../lib/gcc/arm-none-eabi/9.3.1/../../../../arm-none-eabi/lib/thumb/v7e-m+fp/hard\libc_nano.a(lib_a-strcmp.o)
