main.c:139:6:InitLED	4	static
main.c:158:6:sprinkler1On	4	static
main.c:162:6:sprinkler2On	4	static
main.c:166:6:sprinkler3On	4	static
main.c:170:6:sprinkler1Off	4	static
main.c:174:6:sprinkler2Off	4	static
main.c:178:6:sprinkler3Off	4	static
main.c:182:6:executeScene	40	static
main.c:275:5:main	8	static
main.c:395:6:SystemClock_Config	160	static
main.c:438:13:MX_USART2_UART_Init	8	static
main.c:473:13:MX_GPIO_Init	16	static
main.c:492:6:StartDefaultTask	32	static
main.c:538:6:StartTask02	16	static
main.c:554:6:StartTask03	16	static
main.c:570:6:StartTask04	16	static
main.c:583:6:Error_Handler	4	static,ignoring_inline_asm
